###############################################################################
#                                                                             #
# IAR ELF Linker V5.30.0.51174/W32 for ARM              13/Dec/2014  17:41:51 #
# Copyright 2007-2009 IAR Systems AB.                                         #
#                                                                             #
#    Output file  =  D:\—–“ªøŒ≥Ã—ßœ∞\ µ ±«∂»Î ΩœµÕ≥ µ—È\Beat Plane\Beat       #
#                    Plane\RAM\Exe\Exp6.out                                   #
#    Map file     =  D:\—–“ªøŒ≥Ã—ßœ∞\ µ ±«∂»Î ΩœµÕ≥ µ—È\Beat Plane\Beat       #
#                    Plane\RAM\List\Exp6.map                                  #
#    Command line =  "D:\—–“ªøŒ≥Ã—ßœ∞\ µ ±«∂»Î ΩœµÕ≥ µ—È\Beat Plane\Beat      #
#                    Plane\RAM\Obj\BeatPlane_Text.o"                          #
#                    "D:\—–“ªøŒ≥Ã—ßœ∞\ µ ±«∂»Î ΩœµÕ≥ µ—È\Beat Plane\Beat      #
#                    Plane\RAM\Obj\LCD320.o" "D:\—–“ªøŒ≥Ã—ßœ∞\ µ ±«∂»Î ΩœµÕ≥  #
#                    µ—È\Beat Plane\Beat Plane\RAM\Obj\LED.o"                 #
#                    "D:\—–“ªøŒ≥Ã—ßœ∞\ µ ±«∂»Î ΩœµÕ≥ µ—È\Beat Plane\Beat      #
#                    Plane\RAM\Obj\MiddleFoe1.o"                              #
#                    "D:\—–“ªøŒ≥Ã—ßœ∞\ µ ±«∂»Î ΩœµÕ≥ µ—È\Beat Plane\Beat      #
#                    Plane\RAM\Obj\MiddleFoe2.o"                              #
#                    "D:\—–“ªøŒ≥Ã—ßœ∞\ µ ±«∂»Î ΩœµÕ≥ µ—È\Beat Plane\Beat      #
#                    Plane\RAM\Obj\MiddleFoeD.o"                              #
#                    "D:\—–“ªøŒ≥Ã—ßœ∞\ µ ±«∂»Î ΩœµÕ≥ µ—È\Beat Plane\Beat      #
#                    Plane\RAM\Obj\MyPlane1.o" "D:\—–“ªøŒ≥Ã—ßœ∞\ µ ±«∂»Î ΩœµÕ #
#                    ≥ µ—È\Beat Plane\Beat Plane\RAM\Obj\MyPlane2.o"          #
#                    "D:\—–“ªøŒ≥Ã—ßœ∞\ µ ±«∂»Î ΩœµÕ≥ µ—È\Beat Plane\Beat      #
#                    Plane\RAM\Obj\MyPlaneD.o" "D:\—–“ªøŒ≥Ã—ßœ∞\ µ ±«∂»Î ΩœµÕ #
#                    ≥ µ—È\Beat Plane\Beat Plane\RAM\Obj\Number.o"            #
#                    "D:\—–“ªøŒ≥Ã—ßœ∞\ µ ±«∂»Î ΩœµÕ≥ µ—È\Beat Plane\Beat      #
#                    Plane\RAM\Obj\OSAddTask.o" "D:\—–“ªøŒ≥Ã—ßœ∞\ µ ±«∂»Î Ωœµ #
#                    Õ≥ µ—È\Beat Plane\Beat Plane\RAM\Obj\Score_Text.o"       #
#                    "D:\—–“ªøŒ≥Ã—ßœ∞\ µ ±«∂»Î ΩœµÕ≥ µ—È\Beat Plane\Beat      #
#                    Plane\RAM\Obj\Score_Text1.o"                             #
#                    "D:\—–“ªøŒ≥Ã—ßœ∞\ µ ±«∂»Î ΩœµÕ≥ µ—È\Beat Plane\Beat      #
#                    Plane\RAM\Obj\Shot.o" "D:\—–“ªøŒ≥Ã—ßœ∞\ µ ±«∂»Î ΩœµÕ≥ µ— #
#                    È\Beat Plane\Beat Plane\RAM\Obj\SmallFoe.o"              #
#                    "D:\—–“ªøŒ≥Ã—ßœ∞\ µ ±«∂»Î ΩœµÕ≥ µ—È\Beat Plane\Beat      #
#                    Plane\RAM\Obj\SmallFoeD.o" "D:\—–“ªøŒ≥Ã—ßœ∞\ µ ±«∂»Î Ωœµ #
#                    Õ≥ µ—È\Beat Plane\Beat Plane\RAM\Obj\Startup.o"          #
#                    "D:\—–“ªøŒ≥Ã—ßœ∞\ µ ±«∂»Î ΩœµÕ≥ µ—È\Beat Plane\Beat      #
#                    Plane\RAM\Obj\Uart.o" "D:\—–“ªøŒ≥Ã—ßœ∞\ µ ±«∂»Î ΩœµÕ≥ µ— #
#                    È\Beat Plane\Beat Plane\RAM\Obj\app.o"                   #
#                    "D:\—–“ªøŒ≥Ã—ßœ∞\ µ ±«∂»Î ΩœµÕ≥ µ—È\Beat Plane\Beat      #
#                    Plane\RAM\Obj\background.o"                              #
#                    "D:\—–“ªøŒ≥Ã—ßœ∞\ µ ±«∂»Î ΩœµÕ≥ µ—È\Beat Plane\Beat      #
#                    Plane\RAM\Obj\cpu.o" "D:\—–“ªøŒ≥Ã—ßœ∞\ µ ±«∂»Î ΩœµÕ≥ µ—È #
#                    \Beat Plane\Beat Plane\RAM\Obj\drivers.o"                #
#                    "D:\—–“ªøŒ≥Ã—ßœ∞\ µ ±«∂»Î ΩœµÕ≥ µ—È\Beat Plane\Beat      #
#                    Plane\RAM\Obj\enemy.o" "D:\—–“ªøŒ≥Ã—ßœ∞\ µ ±«∂»Î ΩœµÕ≥ µ #
#                    —È\Beat Plane\Beat Plane\RAM\Obj\exception.o"            #
#                    "D:\—–“ªøŒ≥Ã—ßœ∞\ µ ±«∂»Î ΩœµÕ≥ µ—È\Beat Plane\Beat      #
#                    Plane\RAM\Obj\isr.o" "D:\—–“ªøŒ≥Ã—ßœ∞\ µ ±«∂»Î ΩœµÕ≥ µ—È #
#                    \Beat Plane\Beat Plane\RAM\Obj\lib.o"                    #
#                    "D:\—–“ªøŒ≥Ã—ßœ∞\ µ ±«∂»Î ΩœµÕ≥ µ—È\Beat Plane\Beat      #
#                    Plane\RAM\Obj\main.o" "D:\—–“ªøŒ≥Ã—ßœ∞\ µ ±«∂»Î ΩœµÕ≥ µ— #
#                    È\Beat Plane\Beat Plane\RAM\Obj\myplane.o"               #
#                    "D:\—–“ªøŒ≥Ã—ßœ∞\ µ ±«∂»Î ΩœµÕ≥ µ—È\Beat Plane\Beat      #
#                    Plane\RAM\Obj\os_core.o" "D:\—–“ªøŒ≥Ã—ßœ∞\ µ ±«∂»Î ΩœµÕ≥ #
#                     µ—È\Beat Plane\Beat Plane\RAM\Obj\os_cpu_a.o"           #
#                    "D:\—–“ªøŒ≥Ã—ßœ∞\ µ ±«∂»Î ΩœµÕ≥ µ—È\Beat Plane\Beat      #
#                    Plane\RAM\Obj\os_cpu_c.o" "D:\—–“ªøŒ≥Ã—ßœ∞\ µ ±«∂»Î ΩœµÕ #
#                    ≥ µ—È\Beat Plane\Beat Plane\RAM\Obj\os_dbg.o"            #
#                    "D:\—–“ªøŒ≥Ã—ßœ∞\ µ ±«∂»Î ΩœµÕ≥ µ—È\Beat Plane\Beat      #
#                    Plane\RAM\Obj\os_flag.o" "D:\—–“ªøŒ≥Ã—ßœ∞\ µ ±«∂»Î ΩœµÕ≥ #
#                     µ—È\Beat Plane\Beat Plane\RAM\Obj\os_mbox.o"            #
#                    "D:\—–“ªøŒ≥Ã—ßœ∞\ µ ±«∂»Î ΩœµÕ≥ µ—È\Beat Plane\Beat      #
#                    Plane\RAM\Obj\os_mem.o" "D:\—–“ªøŒ≥Ã—ßœ∞\ µ ±«∂»Î ΩœµÕ≥  #
#                    µ—È\Beat Plane\Beat Plane\RAM\Obj\os_mutex.o"            #
#                    "D:\—–“ªøŒ≥Ã—ßœ∞\ µ ±«∂»Î ΩœµÕ≥ µ—È\Beat Plane\Beat      #
#                    Plane\RAM\Obj\os_q.o" "D:\—–“ªøŒ≥Ã—ßœ∞\ µ ±«∂»Î ΩœµÕ≥ µ— #
#                    È\Beat Plane\Beat Plane\RAM\Obj\os_sem.o"                #
#                    "D:\—–“ªøŒ≥Ã—ßœ∞\ µ ±«∂»Î ΩœµÕ≥ µ—È\Beat Plane\Beat      #
#                    Plane\RAM\Obj\os_task.o" "D:\—–“ªøŒ≥Ã—ßœ∞\ µ ±«∂»Î ΩœµÕ≥ #
#                     µ—È\Beat Plane\Beat Plane\RAM\Obj\os_time.o"            #
#                    "D:\—–“ªøŒ≥Ã—ßœ∞\ µ ±«∂»Î ΩœµÕ≥ µ—È\Beat Plane\Beat      #
#                    Plane\RAM\Obj\retarget.o" "D:\—–“ªøŒ≥Ã—ßœ∞\ µ ±«∂»Î ΩœµÕ #
#                    ≥ µ—È\Beat Plane\Beat Plane\RAM\Obj\serial-2410.o"       #
#                    "D:\—–“ªøŒ≥Ã—ßœ∞\ µ ±«∂»Î ΩœµÕ≥ µ—È\Beat Plane\Beat      #
#                    Plane\RAM\Obj\uhal.o" -o "D:\—–“ªøŒ≥Ã—ßœ∞\ µ ±«∂»Î ΩœµÕ≥ #
#                     µ—È\Beat Plane\Beat Plane\RAM\Exe\Exp6.out" --map       #
#                    "D:\—–“ªøŒ≥Ã—ßœ∞\ µ ±«∂»Î ΩœµÕ≥ µ—È\Beat Plane\Beat      #
#                    Plane\RAM\List\Exp6.map" --config                        #
#                    "D:\—–“ªøŒ≥Ã—ßœ∞\ µ ±«∂»Î ΩœµÕ≥ µ—È\Beat Plane\Beat      #
#                    Plane\s3c2410_ram.icf" --entry __iar_program_start       #
#                                                                             #
#                                                                             #
###############################################################################

*******************************************************************************
*** RUNTIME MODEL ATTRIBUTES
***

__endian      = little
__thumb_aware = enabled


*******************************************************************************
*** PLACEMENT SUMMARY
***

"A1":  place at MEM:0x0 { section .intvec };
"P1":  place in [from MEM:0x30204000 to MEM:0x31f00000] { ro };
"P2":  place in [from MEM:0x30204000 to MEM:0x31f00000] {
          rw, block CSTACK, block SVC_STACK, block IRQ_STACK, block FIQ_STACK,
          block UND_STACK, block ABT_STACK, last block HEAP };

  Section            Kind        Address      Size  Object
  -------            ----        -------      ----  ------
"A1":                                         0x3c
  .intvec            ro code  0x00000000      0x3c  exception.o [1]
                            - 0x0000003c      0x3c

"P2":                                     0x859f30
  SVC_STACK                   0x30204000    0x2000  <Block>
    SVC_STACK        uninit   0x30204000    0x2000  <Block tail>
  IRQ_STACK                   0x30206000    0x1000  <Block>
    IRQ_STACK        uninit   0x30206000    0x1000  <Block tail>
  FIQ_STACK                   0x30207000      0x10  <Block>
    FIQ_STACK        uninit   0x30207000      0x10  <Block tail>
  UND_STACK                   0x30207010      0x10  <Block>
    UND_STACK        uninit   0x30207010      0x10  <Block tail>
  ABT_STACK                   0x30207020      0x10  <Block>
    ABT_STACK        uninit   0x30207020      0x10  <Block tail>
  P2 mid-1                    0x30207030     0x234  <Init block>
    .data            inited   0x30207030       0x4  LCD320.o [1]
    .data            inited   0x30207034       0x4  LCD320.o [1]
    .data            inited   0x30207038       0xc  drivers.o [1]
    .data            inited   0x30207044       0x4  drivers.o [1]
    .data            inited   0x30207048       0x4  lib.o [1]
    .data            inited   0x3020704c      0x1c  serial-2410.o [1]
    .data            inited   0x30207068      0x1c  serial-2410.o [1]
    .data            inited   0x30207084      0x1c  serial-2410.o [1]
    .data            inited   0x302070a0      0x91  rand.o [3]
    .data            inited   0x30207134      0x40  xfiles.o [3]
    .data            inited   0x30207174       0x4  cppinit.o [3]
    .data            inited   0x30207178      0x84  setlocale.o [3]
    .data            inited   0x302071fc      0x4c  localeconv.o [3]
    .data            inited   0x30207248       0x2  BeatPlane_Text.o [1]
    .data            inited   0x3020724a       0x2  BeatPlane_Text.o [1]
    .data            inited   0x3020724c       0x2  MyPlane1.o [1]
    .data            inited   0x3020724e       0x2  MyPlane1.o [1]
    .data            inited   0x30207250       0x2  Number.o [1]
    .data            inited   0x30207252       0x2  Number.o [1]
    .data            inited   0x30207254       0x2  Score_Text.o [1]
    .data            inited   0x30207256       0x2  Score_Text.o [1]
    .data            inited   0x30207258       0x2  Shot.o [1]
    .data            inited   0x3020725a       0x2  Shot.o [1]
    .data            inited   0x3020725c       0x2  SmallFoe.o [1]
    .data            inited   0x3020725e       0x2  SmallFoe.o [1]
    .data            inited   0x30207260       0x2  background.o [1]
    .data            inited   0x30207262       0x2  background.o [1]
  .iar.dynexit                0x30207264     0x204  <Block>
    .iar.dynexit     uninit   0x30207264       0xc  cppinit.o [3]
    .iar.dynexit     uninit   0x30207270     0x1f8  <Block tail>
  .bss               zero     0x30207468   0x25800  LCD320.o [1]
  .bss               zero     0x3022cc68   0x15198  app.o [1]
  .bss               zero     0x30241e00     0xc30  drivers.o [1]
  .bss               zero     0x30242a30     0x5e8  isr.o [1]
  .bss               zero     0x30243018     0x100  lib.o [1]
  .bss               zero     0x30243118      0xc8  main.o [1]
  .bss               zero     0x302431e0    0xef00  os_core.o [1]
  .bss               zero     0x302520e0    0x55f0  os_core.o [1]
  .bss               zero     0x302576d0       0x4  os_core.o [1]
  .bss               zero     0x302576d4       0x4  os_core.o [1]
  .bss               zero     0x302576d8    0x6590  os_core.o [1]
  .bss               zero     0x3025dc68       0x4  os_core.o [1]
  .bss               zero     0x3025dc6c     0x230  os_core.o [1]
  .bss               zero     0x3025de9c       0x4  uhal.o [1]
  .bss               zero     0x3025dea0       0x4  uhal.o [1]
  .bss               zero     0x3025dea4       0x4  uhal.o [1]
  .bss               zero     0x3025dea8       0x4  uhal.o [1]
  .bss               zero     0x3025deac      0x50  xfiles.o [3]
  .bss               zero     0x3025defc       0x8  xxmemxmalloc.o [3]
  .bss               zero     0x3025df04      0x14  xsyslock.o [3]
  .bss               zero     0x3025df18       0x4  xgetmemchunk.o [3]
  .bss               zero     0x3025df1c       0x4  MtxWrapper.o [3]
  .bss               zero     0x3025df20       0x4  MtxWrapper.o [3]
  .bss               zero     0x3025df24       0x4  MtxWrapper.o [3]
  .bss               zero     0x3025df28       0x4  MtxWrapper.o [3]
  HEAP                        0x3025df30  0x800000  <Block>
    HEAP             uninit   0x3025df30  0x800000  <Block tail>
                            - 0x30a5df30  0x859f30

"P1":                                      0x3fa3b
  .rodata            const    0x30a5df30   0x25800  background.o [1]
  .rodata            const    0x30a83730    0x60e0  MyPlaneD.o [1]
  .rodata            const    0x30a89810    0x4638  BeatPlane_Text.o [1]
  .rodata            const    0x30a8de48    0x2d00  Score_Text.o [1]
  .rodata            const    0x30a90b48    0x1e00  Number.o [1]
  .text              ro code  0x30a92948    0x1a94  xprintffull.o [3]
  .rodata            const    0x30a943dc    0x1838  MyPlane1.o [1]
  .rodata            const    0x30a95c14    0x1838  MyPlane2.o [1]
  .rodata            const    0x30a9744c     0x9f8  SmallFoeD.o [1]
  .text              ro code  0x30a97e44     0x834  app.o [1]
  .text              ro code  0x30a98678     0x734  os_core.o [1]
  .text              ro code  0x30a98dac     0x624  isr.o [1]
  .text              ro code  0x30a993d0     0x500  myplane.o [1]
  .text              ro code  0x30a998d0     0x3f0  os_task.o [1]
  .text              ro code  0x30a99cc0     0x3e0  enemy.o [1]
  .rodata            const    0x30a9a0a0     0x354  SmallFoe.o [1]
  .text              ro code  0x30a9a3f4     0x338  DblDiv.o [4]
  .text              ro code  0x30a9a72c     0x328  serial-2410.o [1]
  .text              ro code  0x30a9aa54     0x200  LCD320.o [1]
  .text              ro code  0x30a9ac54     0x1f8  os_mbox.o [1]
  .text              ro code  0x30a9ae4c     0x1f8  DblMul.o [4]
  .text              ro code  0x30a9b044     0x1f0  DblSub.o [4]
  .text              ro code  0x30a9b234     0x1e8  xdscale.o [3]
  .text              ro code  0x30a9b41c     0x1e4  lib.o [1]
  .text              ro code  0x30a9b600     0x1d4  I32DivMod.o [4]
  .text              ro code  0x30a9b7d4     0x1c0  uhal.o [1]
  .text              ro code  0x30a9b994     0x1a0  cpu.o [1]
  .text              ro code  0x30a9bb34     0x174  Uart.o [1]
  .text              ro code  0x30a9bca8     0x158  drivers.o [1]
  .text              ro code  0x30a9be00     0x158  xdnorm.o [3]
  .text              ro code  0x30a9bf58     0x158  xxmemxmalloc.o [3]
  .text              ro code  0x30a9c0b0     0x148  os_cpu_a.o [1]
  .text              ro code  0x30a9c1f8     0x140  DblAdd.o [4]
  .text              ro code  0x30a9c338     0x128  I64DivMod.o [4]
  .text              ro code  0x30a9c460     0x110  xxmemxfree.o [3]
  .rodata            const    0x30a9c570     0x108  os_core.o [1]
  .text              ro code  0x30a9c678      0xe8  packbits_init2.o [4]
  .text              ro code  0x30a9c760      0xe4  rand.o [3]
  .text              ro code  0x30a9c844      0xd4  os_time.o [1]
  .text              ro code  0x30a9c918      0xd4  cppinit.o [3]
  .text              ro code  0x30a9c9ec      0xd4  ABImemcpy.o [4]
  .text              ro code  0x30a9cac0      0xd0  Number.o [1]
  .text              ro code  0x30a9cb90      0xbc  os_flag.o [1]
  .text              ro code  0x30a9cc4c      0xbc  xsyslock.o [3]
  .text              ro code  0x30a9cd08      0xa8  Startup.o [1]
  .text              ro code  0x30a9cdb0      0x9c  os_cpu_c.o [1]
  .text              ro code  0x30a9ce4c      0x94  memchr.o [4]
  .text              ro code  0x30a9cee0      0x7c  os_q.o [1]
  .text              ro code  0x30a9cf5c      0x7c  ABImemset.o [4]
  .text              ro code  0x30a9cfd8      0x78  xencoding_sb.o [3]
  .text              ro code  0x30a9d050      0x6c  os_mem.o [1]
  .text              ro code  0x30a9d0bc      0x60  DblToS32.o [4]
  .text              ro code  0x30a9d11c      0x58  S32ToDbl.o [4]
  .text              ro code  0x30a9d174      0x54  strlen.o [4]
  .rodata            const    0x30a9d1c8      0x50  Shot.o [1]
  .rodata            const    0x30a9d218      0x4c  cpu.o [1]
  .rodata            const    0x30a9d264      0x48  xlocale_c.o [3]
  .text              ro code  0x30a9d2ac      0x48  MtxWrapper.o [3]
  .text              ro code  0x30a9d2f4      0x44  main.o [1]
  .text              ro code  0x30a9d338      0x44  vsprintf.o [3]
  .text              ro code  0x30a9d37c      0x40  retarget.o [1]
  .text              ro code  0x30a9d3bc      0x40  xgetmemchunk.o [3]
  .text              ro code  0x30a9d3fc      0x3c  DblToU32.o [4]
  .text              ro code  0x30a9d438      0x38  printf.o [3]
  .text              ro code  0x30a9d470      0x38  DblCmpLe.o [4]
  .text              ro code  0x30a9d4a8      0x38  DblCmpGe.o [4]
  .text              ro code  0x30a9d4e0      0x34  data_init2.o [4]
  .text              ro code  0x30a9d514      0x34  xmbtowc.o [3]
  .text              ro code  0x30a9d548      0x34  div.o [3]
  .text              ro code  0x30a9d57c      0x28  xprout.o [3]
  .text              ro code  0x30a9d5a4      0x28  setlocale.o [3]
  .text              ro code  0x30a9d5cc      0x28  xwctomb.o [3]
  .text              ro code  0x30a9d5f4      0x28  localeconv.o [3]
  .text              ro code  0x30a9d61c      0x28  zero_init2.o [4]
  .rodata            const    0x30a9d644      0x24  serial-2410.o [1]
  .text              ro code  0x30a9d668      0x24  cmain.o [4]
  .iar.init_table    const    0x30a9d68c      0x2c  - Linker created -
  .rodata            const    0x30a9d6b8      0x20  uhal.o [1]
  .text              ro code  0x30a9d6d8      0x20  strchr.o [4]
  .rodata            const    0x30a9d6f8      0x1c  uhal.o [1]
  .rodata            const    0x30a9d714      0x1c  uhal.o [1]
  .rodata            const    0x30a9d730      0x1c  uhal.o [1]
  .rodata            const    0x30a9d74c      0x14  uhal.o [1]
  .rodata            const    0x30a9d760      0x14  uhal.o [1]
  .text              ro code  0x30a9d774      0x14  XXexit.o [4]
  .text              ro code  0x30a9d788      0x14  xsprout.o [3]
  .text              ro code  0x30a9d79c      0x14  xmbcurmax.o [3]
  .text              ro code  0x30a9d7b0      0x14  cexit.o [4]
  .rodata            const    0x30a9d7c4      0x10  xprintffull.o [3]
  .rodata            const    0x30a9d7d4       0xc  lib.o [1]
  .text              ro code  0x30a9d7e0       0xc  U32ToDbl.o [4]
  .text              ro code  0x30a9d7ec       0xc  putchar.o [3]
  .rodata            const    0x30a9d7f8       0x8  xprintffull.o [3]
  .rodata            const    0x30a9d800       0x8  xlocale_c.o [3]
  .rodata            const    0x30a9d808       0x8  xlocale_c.o [3]
  .rodata            const    0x30a9d810       0x8  localeconv.o [3]
  .rodata            const    0x30a9d818       0x8  localeconv.o [3]
  .rodata            const    0x30a9d820       0x8  xencoding_sb.o [3]
  .rodata            const    0x30a9d828       0x8  xencoding_sb.o [3]
  .text              ro code  0x30a9d830       0x8  ABImemclr.o [4]
  .text              ro code  0x30a9d838       0x8  low_level_init.o [3]
  .text              ro code  0x30a9d840       0x8  exit.o [3]
  .text              ro code  0x30a9d848       0x4  IntDivZer.o [4]
  .text              ro code  0x30a9d84c       0x4  I64DivZer.o [4]
  .rodata            const    0x30a9d850       0x2  xlocale_c.o [3]
  .rodata            const    0x30a9d852       0x2  localeconv.o [3]
  .rodata            const    0x30a9d854       0x1  xlocale_c.o [3]
  .rodata            const    0x30a9d855       0x1  setlocale.o [3]
  .rodata            const    0x30a9d856       0x1  localeconv.o [3]
  Initializer bytes  ro data  0x30a9d857     0x114  <for P2 mid-1>
                            - 0x30a9d96b   0x3fa3b


*******************************************************************************
*** INIT TABLE
***

          Address     Size
          -------     ----
Zero (__iar_zero_init2)
    1 destination range, total size 0x56ac4:
          0x30207468  0x56ac4

Copy/packbits (__iar_packbits_init2)
    1 source range, total size 0x114 (48% of destination):
          0x30a9d857    0x114
    1 destination range, total size 0x234:
          0x30207030    0x234


*******************************************************************************
*** MODULE SUMMARY
***

    Module            ro code  ro data    rw data
    ------            -------  -------    -------
D:\—–“ªøŒ≥Ã—ßœ∞\ µ ±«∂»Î ΩœµÕ≥ µ—È\Beat Plane\Beat Plane\RAM\Obj: [1]
    BeatPlane_Text.o            17 978          4
    LCD320.o              512        3    153 608
    MyPlane1.o                   6 202          4
    MyPlane2.o                   6 200
    MyPlaneD.o                  24 800
    Number.o              208    7 682          4
    Score_Text.o                11 522          4
    Shot.o                          82          4
    SmallFoe.o                     854          4
    SmallFoeD.o                  2 552
    Startup.o             168
    Uart.o                372
    app.o               2 100              86 424
    background.o               153 602          4
    cpu.o                 416       76
    drivers.o             344        8      3 136
    enemy.o               992
    exception.o            60
    isr.o               1 572               1 512
    lib.o                 484       14        260
    main.o                 68                 200
    myplane.o           1 280
    os_core.o           1 844      264    109 756
    os_cpu_a.o            328
    os_cpu_c.o            156
    os_flag.o             188
    os_mbox.o             504
    os_mem.o              108
    os_q.o                124
    os_task.o           1 008
    os_time.o             212
    retarget.o             64
    serial-2410.o         808       77         84
    uhal.o                448      156         16
    ---------------------------------------------
    Total:             14 368  232 072    355 024

command line: [2]
    ---------------------------------------------
    Total:

dl4t_al_if.a: [3]
    MtxWrapper.o           72                  16
    cppinit.o             212        2         16
    div.o                  52
    exit.o                  8
    localeconv.o           40       56         76
    low_level_init.o        8
    printf.o               56
    putchar.o              12
    rand.o                228       71        145
    setlocale.o            40       66        132
    vsprintf.o             68
    xdnorm.o              344
    xdscale.o             488
    xencoding_sb.o        120       16
    xfiles.o                        33        144
    xgetmemchunk.o         64                   4
    xlocale_c.o                     91
    xmbcurmax.o            20
    xmbtowc.o              52
    xprintffull.o       6 804       24
    xprout.o               40
    xsprout.o              20
    xsyslock.o            188                  20
    xwctomb.o              40
    xxmemxfree.o          272
    xxmemxmalloc.o        344                   8
    ---------------------------------------------
    Total:              9 592      359        561

rt4t_al.a: [4]
    ABImemclr.o             8
    ABImemcpy.o           212
    ABImemset.o           124
    DblAdd.o              320
    DblCmpGe.o             56
    DblCmpLe.o             56
    DblDiv.o              824
    DblMul.o              504
    DblSub.o              496
    DblToS32.o             96
    DblToU32.o             60
    I32DivMod.o           468
    I64DivMod.o           296
    I64DivZer.o             4
    IntDivZer.o             4
    S32ToDbl.o             88
    U32ToDbl.o             12
    XXexit.o               20
    cexit.o                20
    cmain.o                36
    data_init2.o           52
    memchr.o              148
    packbits_init2.o      232
    strchr.o               32
    strlen.o               84
    zero_init2.o           40
    ---------------------------------------------
    Total:              4 292

    Gaps                                        7
    Linker created                  44  8 401 448
-------------------------------------------------
    Grand Total:       28 252  232 475  8 757 040


*******************************************************************************
*** ENTRY LIST
***

Entry                      Address     Size  Type      Object
-----                      -------     ----  ----      ------
.iar.dynexit$$Base      0x30207264            --   Gb  - Linker created -
.iar.dynexit$$Limit     0x30207468            --   Gb  - Linker created -
?main                   0x30a9d668           Code  Gb  cmain.o [4]
ABT_STACK$$Base         0x30207020            --   Gb  - Linker created -
ABT_STACK$$Limit        0x30207030            --   Gb  - Linker created -
ARMTargetInit           0x30a9b94c     0x48  Code  Gb  uhal.o [1]
BSPprintf               0x30a9b5cc      0xc  Code  Gb  lib.o [1]
Clash                   0x3022cc70  0x12c00  Data  Gb  app.o [1]
ColdReset               0x30a9cd18           Code  Gb  Startup.o [1]
DtorRecArray            0x30207264      0xc  Data  Lc  cppinit.o [3]
EINT4_23ack_irq         0x30a98e00     0x2c  Code  Lc  isr.o [1]
EINT4_23mask_irq        0x30a98e2c     0x24  Code  Lc  isr.o [1]
EINT4_23unmask_irq      0x30a98e50     0x44  Code  Lc  isr.o [1]
Enemy                   0x302405cc   0x1834  Data  Gb  app.o [1]
Enemy_AddSmallFoe       0x30a99d6c     0xc4  Code  Gb  enemy.o [1]
Enemy_DestorySmallFoe   0x30a99fdc     0xb4  Code  Gb  enemy.o [1]
Enemy_GetScore          0x30a9a090     0x10  Code  Gb  enemy.o [1]
Enemy_GetSmallFoeLocation
                        0x30a99f7c     0x60  Code  Gb  enemy.o [1]
Enemy_Init              0x30a99cc0     0xac  Code  Gb  enemy.o [1]
Enemy_Move              0x30a99e38     0x64  Code  Gb  enemy.o [1]
Enemy_Show              0x30a99e9c     0xe0  Code  Gb  enemy.o [1]
Enemy_task_stk          0x3023ff78    0x190  Data  Lc  app.o [1]
Enter_DABORT            0x30a9b8f8     0x28  Code  Gb  uhal.o [1]
Enter_FIQ               0x30a9b920     0x28  Code  Gb  uhal.o [1]
Enter_PABORT            0x30a9b8d0     0x28  Code  Gb  uhal.o [1]
Enter_SWI               0x30a9b8a8     0x28  Code  Gb  uhal.o [1]
Enter_UNDEF             0x30a9b880     0x28  Code  Gb  uhal.o [1]
FCLK                    0x3025dea8      0x4  Data  Gb  uhal.o [1]
FIQ_STACK$$Base         0x30207000            --   Gb  - Linker created -
FIQ_STACK$$Limit        0x30207010            --   Gb  - Linker created -
GPIO_Init               0x30a9bca8    0x158  Code  Gb  drivers.o [1]
GameScore               0x3022cc6c      0x4  Data  Gb  app.o [1]
GetNumberPic            0x30a9cac0     0xd0  Code  Gb  Number.o [1]
HCLK                    0x3025dea4      0x4  Data  Gb  uhal.o [1]
HEAP$$Base              0x3025df30            --   Gb  - Linker created -
HEAP$$Limit             0x30a5df30            --   Gb  - Linker created -
INTS_OFF                0x30a9c0b0           Code  Gb  os_cpu_a.o [1]
INTS_ON                 0x30a9c0c8           Code  Gb  os_cpu_a.o [1]
IRQ_Handler             0x30a9cd08           Code  Gb  Startup.o [1]
IRQ_STACK$$Base         0x30206000            --   Gb  - Linker created -
IRQ_STACK$$Limit        0x30207000            --   Gb  - Linker created -
ISR_Init                0x30a99100    0x1cc  Code  Gb  isr.o [1]
ISR_IrqHandler          0x30a99350     0x7c  Code  Gb  isr.o [1]
I_COUNT                 0x3025de9c      0x4  Data  Lc  uhal.o [1]
InterruptFunc           0x30242a30    0x5e8  Data  Lc  isr.o [1]
Key_Mbox                0x3022cc68      0x4  Data  Gb  app.o [1]
Key_task_stk            0x3023f938    0x190  Data  Lc  app.o [1]
L0PageTable             0x30200000            --   Gb  command line/config [2]
LCDBuffer565            0x30207468  0x25800  Data  Gb  LCD320.o [1]
LCD_Init                0x30a9aa54     0xd0  Code  Gb  LCD320.o [1]
LCD_Refresh             0x30a9abbc     0x90  Code  Gb  LCD320.o [1]
LCD_ShowPic             0x30a9ab24     0x98  Code  Gb  LCD320.o [1]
LCD_task_stk            0x3023fc58    0x190  Data  Lc  app.o [1]
MyPlane                 0x30240298    0x334  Data  Gb  app.o [1]
MyPlane_AddAction       0x30a9961c     0xa8  Code  Gb  myplane.o [1]
MyPlane_AddShot         0x30a996c4     0xc4  Code  Gb  myplane.o [1]
MyPlane_DestoryShot     0x30a99870     0x60  Code  Gb  myplane.o [1]
MyPlane_GetLocation     0x30a997e0     0x34  Code  Gb  myplane.o [1]
MyPlane_GetPic          0x30a995c4     0x58  Code  Gb  myplane.o [1]
MyPlane_GetShotLocation
                        0x30a99814     0x5c  Code  Gb  myplane.o [1]
MyPlane_Init            0x30a993d0     0xec  Code  Gb  myplane.o [1]
MyPlane_Move            0x30a994bc    0x108  Code  Gb  myplane.o [1]
MyPlane_ShowShot        0x30a99788     0x58  Code  Gb  myplane.o [1]
MyPlane_task_stk        0x3023fac8    0x190  Data  Lc  app.o [1]
NumberOfUartDrv         0x30207044      0x4  Data  Gb  drivers.o [1]
OSCtxSwCtr              0x302431e0      0x4  Data  Gb  os_core.o [1]
OSEventFreeList         0x302431e4      0x4  Data  Gb  os_core.o [1]
OSEventTbl              0x30243310   0xcb20  Data  Gb  os_core.o [1]
OSFlagFreeList          0x302576d0      0x4  Data  Gb  os_core.o [1]
OSFlagTbl               0x302520e0   0x55f0  Data  Gb  os_core.o [1]
OSIdleCtr               0x302431e8      0x4  Data  Gb  os_core.o [1]
OSInit                  0x30a98678    0x178  Code  Gb  os_core.o [1]
OSInitHookBegin         0x30a9ce48      0x4  Code  Gb  os_cpu_c.o [1]
OSInitHookEnd           0x30a9ce44      0x4  Code  Gb  os_cpu_c.o [1]
OSInitUart              0x30a9bbd0     0x68  Code  Gb  Uart.o [1]
OSIntCtxSw              0x30a9c0e8           Code  Gb  os_cpu_a.o [1]
OSIntEnter              0x30a987f0     0x24  Code  Gb  os_core.o [1]
OSIntExit               0x30a98814     0xa8  Code  Gb  os_core.o [1]
OSIntNesting            0x30243300      0x1  Data  Gb  os_core.o [1]
OSLockNesting           0x30243301      0x1  Data  Gb  os_core.o [1]
OSMapTbl                0x30a9c570      0x8  Data  Gb  os_core.o [1]
OSMboxCreate            0x30a9ac54     0x78  Code  Gb  os_mbox.o [1]
OSMboxPend              0x30a9acd0     0xf4  Code  Gb  os_mbox.o [1]
OSMboxPost              0x30a9adc8     0x84  Code  Gb  os_mbox.o [1]
OSMemFreeList           0x302576d4      0x4  Data  Gb  os_core.o [1]
OSMemTbl                0x302576d8   0x6590  Data  Gb  os_core.o [1]
OSPrioCur               0x30243302      0x1  Data  Gb  os_core.o [1]
OSPrioHighRdy           0x30243303      0x1  Data  Gb  os_core.o [1]
OSQFreeList             0x3025dc68      0x4  Data  Gb  os_core.o [1]
OSQTbl                  0x3025dc6c    0x230  Data  Gb  os_core.o [1]
OSRdyGrp                0x30243304      0x1  Data  Gb  os_core.o [1]
OSRdyTbl                0x30243308      0x8  Data  Gb  os_core.o [1]
OSRunning               0x30243305      0x1  Data  Gb  os_core.o [1]
OSStart                 0x30a988bc     0x5c  Code  Gb  os_core.o [1]
OSStartHighRdy          0x30a9c1d0           Code  Gb  os_cpu_a.o [1]
OSTCBCur                0x302431ec      0x4  Data  Gb  os_core.o [1]
OSTCBFreeList           0x302431f0      0x4  Data  Gb  os_core.o [1]
OSTCBHighRdy            0x302431f4      0x4  Data  Gb  os_core.o [1]
OSTCBInitHook           0x30a9ce3c      0x4  Code  Gb  os_cpu_c.o [1]
OSTCBList               0x302431f8      0x4  Data  Gb  os_core.o [1]
OSTCBPrioTbl            0x302431fc    0x100  Data  Gb  os_core.o [1]
OSTCBTbl                0x30250630   0x1ab0  Data  Gb  os_core.o [1]
OSTaskCreate            0x30a998d0     0xd8  Code  Gb  os_task.o [1]
OSTaskCreateExt         0x30a999b8    0x104  Code  Gb  os_task.o [1]
OSTaskCreateHook        0x30a9ce30      0x4  Code  Gb  os_cpu_c.o [1]
OSTaskCtr               0x30243306      0x1  Data  Gb  os_core.o [1]
OSTaskDel               0x30a99ac0    0x1a8  Code  Gb  os_task.o [1]
OSTaskDelHook           0x30a9ce34      0x4  Code  Gb  os_cpu_c.o [1]
OSTaskIdleHook          0x30a9ce40      0x4  Code  Gb  os_cpu_c.o [1]
OSTaskIdleStk           0x3024fe30    0x800  Data  Gb  os_core.o [1]
OSTaskStkInit           0x30a9cdb0     0x80  Code  Gb  os_cpu_c.o [1]
OSTime                  0x302432fc      0x4  Data  Gb  os_core.o [1]
OSTimeDly               0x30a9c844     0x60  Code  Gb  os_time.o [1]
OSTimeDlyHMSM           0x30a9c8a4     0x6c  Code  Gb  os_time.o [1]
OSTimeTick              0x30a98918     0xc8  Code  Gb  os_core.o [1]
OSTimeTickHook          0x30a9ce38      0x4  Code  Gb  os_cpu_c.o [1]
OSUnMapTbl              0x30a9c578    0x100  Data  Gb  os_core.o [1]
OS_Dummy                0x30a989e0      0x4  Code  Gb  os_core.o [1]
OS_EventTO              0x30a98af8     0x60  Code  Gb  os_core.o [1]
OS_EventTaskRdy         0x30a989e4     0xac  Code  Gb  os_core.o [1]
OS_EventTaskWait        0x30a98a90     0x68  Code  Gb  os_core.o [1]
OS_EventWaitListInit    0x30a98b58     0x2c  Code  Gb  os_core.o [1]
OS_FlagInit             0x30a9cb90     0x70  Code  Gb  os_flag.o [1]
OS_FlagUnlink           0x30a9cc04     0x48  Code  Gb  os_flag.o [1]
OS_MemClr               0x30a98b84     0x1c  Code  Gb  os_core.o [1]
OS_MemInit              0x30a9d050     0x68  Code  Gb  os_mem.o [1]
OS_QInit                0x30a9cee0     0x78  Code  Gb  os_q.o [1]
OS_Sched                0x30a98ba0     0x8c  Code  Gb  os_core.o [1]
OS_TASK_SW              0x30a9c174           Code  Gb  os_cpu_a.o [1]
OS_TCBInit              0x30a98c54    0x150  Code  Gb  os_core.o [1]
OS_TaskIdle             0x30a98c2c     0x28  Code  Gb  os_core.o [1]
OS_TaskStkClr           0x30a99c98     0x28  Code  Gb  os_task.o [1]
OpenUartRev             0x30a9bc38     0x64  Code  Gb  Uart.o [1]
PCLK                    0x3025dea0      0x4  Data  Gb  uhal.o [1]
Region$$Table$$Base     0x30a9d68c            --   Gb  - Linker created -
Region$$Table$$Limit    0x30a9d6b8            --   Gb  - Linker created -
SUB_ack_irq             0x30a98e94     0x38  Code  Lc  isr.o [1]
SUB_mask_irq            0x30a98edc     0x20  Code  Lc  isr.o [1]
SUB_unmask_irq          0x30a98efc     0x58  Code  Lc  isr.o [1]
SVC_STACK$$Base         0x30204000            --   Gb  - Linker created -
SVC_STACK$$Limit        0x30206000            --   Gb  - Linker created -
SetISR_Interrupt        0x30a992cc     0x84  Code  Gb  isr.o [1]
Shot_task_stk           0x3023fde8    0x190  Data  Lc  app.o [1]
StartGame_task_stk      0x3023f870     0xc8  Data  Lc  app.o [1]
Status_task_stk         0x30240108    0x190  Data  Lc  app.o [1]
Task_Enemy              0x30a983d8     0x28  Code  Gb  app.o [1]
Task_Key                0x30a98130     0xa4  Code  Gb  app.o [1]
Task_LCD                0x30a981d4    0x1d0  Code  Gb  app.o [1]
Task_MyPlane            0x30a98060     0xd0  Code  Gb  app.o [1]
Task_Shot               0x30a983b0     0x28  Code  Gb  app.o [1]
Task_Start              0x30a97e44    0x150  Code  Gb  app.o [1]
Task_StartGame          0x30a97f94     0xcc  Code  Gb  app.o [1]
Task_Status             0x30a98400    0x274  Code  Gb  app.o [1]
TimerTickHandle         0x30a9b844      0x4  Code  Gb  uhal.o [1]
UND_STACK$$Base         0x30207010            --   Gb  - Linker created -
UND_STACK$$Limit        0x30207020            --   Gb  - Linker created -
Uart_Buffer             0x30241e00    0xc30  Data  Gb  drivers.o [1]
Uart_Init               0x30a9b528     0x30  Code  Gb  lib.o [1]
Uart_SendByte           0x30a9b558     0x30  Code  Gb  lib.o [1]
Uart_SendString         0x30a9b588     0x3c  Code  Gb  lib.o [1]
Uart_def                0x30a9d644     0x24  Data  Lc  serial-2410.o [1]
_EncodingSb_Mbtowc      0x30a9d004     0x4c  Code  Gb  xencoding_sb.o [3]
_EncodingSb_Wctomb      0x30a9cfd8     0x2c  Code  Gb  xencoding_sb.o [3]
_GenldDefault           0x30a93f94    0x3e8  Code  Lc  xprintffull.o [3]
_IsdstStr               0x3020719c      0x4  Data  Gb  setlocale.o [3]
_LdtobDefault           0x30a9388c    0x708  Code  Lc  xprintffull.o [3]
_LitobDefault           0x30a93700    0x18c  Code  Lc  xprintffull.o [3]
_LocaleC_lconv          0x30a9d264     0x48  Data  Gb  xlocale_c.o [3]
_LocaleEncoding         0x30a9d5a4     0x24  Code  Gb  setlocale.o [3]
_LocaleReturnString     0x302071ac     0x50  Data  Lc  setlocale.o [3]
_Locale_LconvArray      0x302071a8      0x4  Data  Gb  setlocale.o [3]
_Locale_Profile         0x30207178     0x1c  Data  Gb  setlocale.o [3]
_Locale_lconv           0x30207200     0x48  Data  Gb  localeconv.o [3]
_Mbtowc                 0x30a9d514     0x34  Code  Gb  xmbtowc.o [3]
_Printf                 0x30a92948    0x8e8  Code  Gb  xprintffull.o [3]
_Prout                  0x30a9d57c     0x28  Code  Gb  xprout.o [3]
_PutcharsDefault        0x30a9437c     0x60  Code  Lc  xprintffull.o [3]
_PutstrDefault          0x30a93230    0x4d0  Code  Lc  xprintffull.o [3]
_Rand_idx               0x3020712c      0x4  Data  Lc  rand.o [3]
_Rand_rv                0x302070a0     0x80  Data  Lc  rand.o [3]
_Randinit               0x30207130      0x1  Data  Gb  rand.o [3]
_Randseed               0x30207124      0x4  Data  Gb  rand.o [3]
_SProut                 0x30a9d788     0x14  Code  Gb  xsprout.o [3]
_TzoneStr               0x30207194      0x4  Data  Gb  setlocale.o [3]
_Wctomb                 0x30a9d5cc     0x28  Code  Gb  xwctomb.o [3]
__aeabi_cdcmple         0x30a9d470           Code  Gb  DblCmpLe.o [4]
__aeabi_cdrcmple        0x30a9d4a8           Code  Gb  DblCmpGe.o [4]
__aeabi_d2iz            0x30a9d0bc           Code  Gb  DblToS32.o [4]
__aeabi_d2uiz           0x30a9d3fc           Code  Gb  DblToU32.o [4]
__aeabi_dadd            0x30a9c1f8           Code  Gb  DblAdd.o [4]
__aeabi_ddiv            0x30a9a3f4           Code  Gb  DblDiv.o [4]
__aeabi_dmul            0x30a9ae4c           Code  Gb  DblMul.o [4]
__aeabi_dsub            0x30a9b044           Code  Gb  DblSub.o [4]
__aeabi_i2d             0x30a9d11c           Code  Gb  S32ToDbl.o [4]
__aeabi_idiv            0x30a9b600           Code  Gb  I32DivMod.o [4]
__aeabi_idiv0           0x30a9d848           Code  Gb  IntDivZer.o [4]
__aeabi_idivmod         0x30a9b600           Code  Gb  I32DivMod.o [4]
__aeabi_ldiv0           0x30a9d84c           Code  Gb  I64DivZer.o [4]
__aeabi_ldivmod         0x30a9c338           Code  Gb  I64DivMod.o [4]
__aeabi_memclr          0x30a9d830           Code  Gb  ABImemclr.o [4]
__aeabi_memcpy          0x30a9c9ec           Code  Gb  ABImemcpy.o [4]
__aeabi_memcpy4         0x30a9ca10           Code  Gb  ABImemcpy.o [4]
__aeabi_memcpy8         0x30a9ca10           Code  Gb  ABImemcpy.o [4]
__aeabi_memset          0x30a9cf5c           Code  Gb  ABImemset.o [4]
__aeabi_ui2d            0x30a9d7e0           Code  Gb  U32ToDbl.o [4]
__aeabi_uidiv           0x30a9b610           Code  Gb  I32DivMod.o [4]
__aeabi_uidivmod        0x30a9b610           Code  Gb  I32DivMod.o [4]
__aeabi_uldivmod        0x30a9c350           Code  Gb  I64DivMod.o [4]
__call_dtors            0x30a9c968      0x8  Code  Gb  cppinit.o [3]
__cstart_call_dtors     0x30a9d7b4           Code  Gb  cexit.o [4]
__cxa_atexit            0x30a9c918     0x50  Code  Gb  cppinit.o [3]
__cxa_finalize          0x30a9c970     0x78  Code  Gb  cppinit.o [3]
__data_Aldata           0x3025defc      0x8  Data  Gb  xxmemxmalloc.o [3]
__data_GetMemChunk      0x30a9d3bc     0x40  Code  Gb  xgetmemchunk.o [3]
__exit                  0x30a9d774           Code  Gb  XXexit.o [4]
__iar_Dnorm             0x30a9be00    0x158  Code  Gb  xdnorm.o [3]
__iar_Dscale            0x30a9b234    0x1e8  Code  Gb  xdscale.o [3]
__iar_Locksyslock       0x30a9cc78     0x6c  Code  Gb  xsyslock.o [3]
__iar_Mbcurmax          0x30a9d79c     0x14  Code  Gb  xmbcurmax.o [3]
__iar_Memchr            0x30a9ce4c           Code  Gb  memchr.o [4]
__iar_Memset            0x30a9cf5c           Code  Gb  ABImemset.o [4]
__iar_Memset_word       0x30a9cf68           Code  Gb  ABImemset.o [4]
__iar_Mtxdst            0x30a9d2b4      0x4  Code  Gb  MtxWrapper.o [3]
__iar_Mtxinit           0x30a9d2ac      0x8  Code  Gb  MtxWrapper.o [3]
__iar_Mtxlock           0x30a9d2d4      0x8  Code  Gb  MtxWrapper.o [3]
__iar_Mtxunlock         0x30a9d2dc      0x8  Code  Gb  MtxWrapper.o [3]
__iar_Stdout            0x30207134     0x40  Data  Gb  xfiles.o [3]
__iar_Strchr            0x30a9d6d8           Code  Gb  strchr.o [4]
__iar_Tls_setup__IsdstStr
                        0x302071a0      0x4  Data  Gb  setlocale.o [3]
__iar_Tls_setup__Locale_Profile
                        0x302071a4      0x4  Data  Gb  setlocale.o [3]
__iar_Tls_setup__Locale_lconv
                        0x302071fc      0x4  Data  Gb  localeconv.o [3]
__iar_Tls_setup__Randinit
                        0x30207120      0x4  Data  Gb  rand.o [3]
__iar_Tls_setup__Randseed
                        0x30207128      0x4  Data  Gb  rand.o [3]
__iar_Tls_setup__TzoneStr
                        0x30207198      0x4  Data  Gb  setlocale.o [3]
__iar_Unlocksyslock     0x30a9cce4     0x20  Code  Gb  xsyslock.o [3]
__iar_dadd              0x30a9c208           Code  Gb  DblAdd.o [4]
__iar_data_init2        0x30a9d4e0     0x34  Code  Gb  data_init2.o [4]
__iar_dsub              0x30a9b054           Code  Gb  DblSub.o [4]
__iar_dsubStart         0x30a9b074           Code  Gb  DblSub.o [4]
__iar_i2d               0x30a9d120           Code  Gb  S32ToDbl.o [4]
__iar_packbits_init2    0x30a9c678     0xe8  Code  Gb  packbits_init2.o [4]
__iar_program_start     0x00000000           Code  Gb  exception.o [1]
__iar_zero_init2        0x30a9d61c     0x28  Code  Gb  zero_init2.o [4]
__low_level_init        0x30a9d838      0x8  Code  Gb  low_level_init.o [3]
__vector                0x00000000           Code  Gb  exception.o [1]
__vector_0x14           0x00000014           Code  Gb  exception.o [1]
_exit                   0x30a9d7b0           Code  Gb  cexit.o [4]
ack_irq                 0x30a98dac     0x14  Code  Lc  isr.o [1]
clearlocks              0x30a9cc4c     0x2c  Code  Lc  xsyslock.o [3]
delayLoopCount          0x30207048      0x4  Data  Lc  lib.o [1]
div                     0x30a9d548     0x34  Code  Gb  div.o [3]
exit                    0x30a9d840      0x8  Code  Gb  exit.o [3]
fixup_irq               0x30a98f54    0x1ac  Code  Lc  isr.o [1]
fputc                   0x30a9d37c     0x40  Code  Gb  retarget.o [1]
free                    0x30a9c460    0x110  Code  Gb  xxmemxfree.o [3]
gImage_BackGround       0x30a5df30  0x25800  Data  Gb  background.o [1]
gImage_BackGround_Length
                        0x30207262      0x2  Data  Gb  background.o [1]
gImage_BackGround_Witch
                        0x30207260      0x2  Data  Gb  background.o [1]
gImage_BeatPlane_Text   0x30a89810   0x4638  Data  Gb  BeatPlane_Text.o [1]
gImage_BeatPlane_Text_Length
                        0x3020724a      0x2  Data  Gb  BeatPlane_Text.o [1]
gImage_BeatPlane_Text_Witch
                        0x30207248      0x2  Data  Gb  BeatPlane_Text.o [1]
gImage_MyPlane1         0x30a943dc   0x1838  Data  Gb  MyPlane1.o [1]
gImage_MyPlane1_Length  0x3020724e      0x2  Data  Gb  MyPlane1.o [1]
gImage_MyPlane1_Witch   0x3020724c      0x2  Data  Gb  MyPlane1.o [1]
gImage_MyPlane2         0x30a95c14   0x1838  Data  Gb  MyPlane2.o [1]
gImage_MyPlaneD         0x30a83730   0x60e0  Data  Gb  MyPlaneD.o [1]
gImage_Number0          0x30a90b48    0x300  Data  Gb  Number.o [1]
gImage_Number1          0x30a90e48    0x300  Data  Gb  Number.o [1]
gImage_Number2          0x30a91148    0x300  Data  Gb  Number.o [1]
gImage_Number3          0x30a91448    0x300  Data  Gb  Number.o [1]
gImage_Number4          0x30a91748    0x300  Data  Gb  Number.o [1]
gImage_Number5          0x30a91a48    0x300  Data  Gb  Number.o [1]
gImage_Number6          0x30a91d48    0x300  Data  Gb  Number.o [1]
gImage_Number7          0x30a92048    0x300  Data  Gb  Number.o [1]
gImage_Number8          0x30a92348    0x300  Data  Gb  Number.o [1]
gImage_Number9          0x30a92648    0x300  Data  Gb  Number.o [1]
gImage_Number_Length    0x30207252      0x2  Data  Gb  Number.o [1]
gImage_Number_Witch     0x30207250      0x2  Data  Gb  Number.o [1]
gImage_Score_Text       0x30a8de48   0x2d00  Data  Gb  Score_Text.o [1]
gImage_Score_Text_Length
                        0x30207256      0x2  Data  Gb  Score_Text.o [1]
gImage_Score_Text_Witch
                        0x30207254      0x2  Data  Gb  Score_Text.o [1]
gImage_Shot             0x30a9d1c8     0x50  Data  Gb  Shot.o [1]
gImage_Shot_Length      0x3020725a      0x2  Data  Gb  Shot.o [1]
gImage_Shot_Witch       0x30207258      0x2  Data  Gb  Shot.o [1]
gImage_SmallFoe         0x30a9a0a0    0x354  Data  Gb  SmallFoe.o [1]
gImage_SmallFoeD        0x30a9744c    0x9f8  Data  Gb  SmallFoeD.o [1]
gImage_SmallFoe_Length  0x3020725e      0x2  Data  Gb  SmallFoe.o [1]
gImage_SmallFoe_Witch   0x3020725c      0x2  Data  Gb  SmallFoe.o [1]
hudelay                 0x30a9b41c    0x10c  Code  Gb  lib.o [1]
irq_OSRevUart           0x30a9bb34     0x9c  Code  Gb  Uart.o [1]
localeconv              0x30a9d5f4     0x28  Code  Gb  localeconv.o [3]
main                    0x30a9d2f4     0x44  Code  Gb  main.o [1]
malloc                  0x30a9bf58    0x158  Code  Gb  xxmemxmalloc.o [3]
mask_irq                0x30a98dc0     0x18  Code  Lc  isr.o [1]
memchr                  0x30a9ce4c           Code  Gb  memchr.o [4]
mtx                     0x3025df08     0x10  Data  Lc  xsyslock.o [3]
mtxdst                  0x3025df20      0x4  Data  Lc  MtxWrapper.o [3]
mtxinit                 0x3025df1c      0x4  Data  Lc  MtxWrapper.o [3]
mtxlock                 0x3025df24      0x4  Data  Lc  MtxWrapper.o [3]
mtxunlock               0x3025df28      0x4  Data  Lc  MtxWrapper.o [3]
next_abi_dtor_rec       0x30207174      0x4  Data  Lc  cppinit.o [3]
obuf                    0x3025deac     0x50  Data  Lc  xfiles.o [3]
pLCDBuffer16I1          0x30207030      0x4  Data  Gb  LCD320.o [1]
pLCDBuffer16I2          0x30207034      0x4  Data  Gb  LCD320.o [1]
printf                  0x30a9d438     0x38  Code  Gb  printf.o [3]
putchar                 0x30a9d7ec      0xc  Code  Gb  putchar.o [3]
rand                    0x30a9c760     0xe4  Code  Gb  rand.o [3]
s3c2410_cpu_init        0x30a9ba48     0xec  Code  Gb  cpu.o [1]
s3c2410_get_bus_clk     0x30a9b9d8     0x70  Code  Gb  cpu.o [1]
s3c2410_get_cpu_clk     0x30a9b994     0x44  Code  Gb  cpu.o [1]
s3c2410_serial0_driver  0x3020704c     0x1c  Data  Gb  serial-2410.o [1]
s3c2410_serial0_flush_input
                        0x30a9a8f0     0x28  Code  Lc  serial-2410.o [1]
s3c2410_serial0_flush_output
                        0x30a9a918     0x18  Code  Lc  serial-2410.o [1]
s3c2410_serial0_init    0x30a9a8a8      0xc  Code  Lc  serial-2410.o [1]
s3c2410_serial0_poll    0x30a9a8d0     0x20  Code  Lc  serial-2410.o [1]
s3c2410_serial0_read    0x30a9a8b4     0x10  Code  Lc  serial-2410.o [1]
s3c2410_serial0_write   0x30a9a8c4      0xc  Code  Lc  serial-2410.o [1]
s3c2410_serial1_driver  0x30207068     0x1c  Data  Gb  serial-2410.o [1]
s3c2410_serial1_flush_input
                        0x30a9a988     0x2c  Code  Lc  serial-2410.o [1]
s3c2410_serial1_flush_output
                        0x30a9a9b4     0x18  Code  Lc  serial-2410.o [1]
s3c2410_serial1_init    0x30a9a930      0xc  Code  Lc  serial-2410.o [1]
s3c2410_serial1_poll    0x30a9a968     0x1c  Code  Lc  serial-2410.o [1]
s3c2410_serial1_read    0x30a9a93c     0x10  Code  Lc  serial-2410.o [1]
s3c2410_serial1_write   0x30a9a94c      0x4  Code  Lc  serial-2410.o [1]
s3c2410_serial2_driver  0x30207084     0x1c  Data  Gb  serial-2410.o [1]
s3c2410_serial2_flush_input
                        0x30a9aa10     0x2c  Code  Lc  serial-2410.o [1]
s3c2410_serial2_flush_output
                        0x30a9aa3c     0x18  Code  Lc  serial-2410.o [1]
s3c2410_serial2_init    0x30a9a9cc      0xc  Code  Lc  serial-2410.o [1]
s3c2410_serial2_poll    0x30a9a9f0     0x1c  Code  Lc  serial-2410.o [1]
s3c2410_serial2_read    0x30a9a9d8     0x10  Code  Lc  serial-2410.o [1]
s3c2410_serial2_write   0x30a9a9e8      0x8  Code  Lc  serial-2410.o [1]
serial_drv              0x30207038      0xc  Data  Gb  drivers.o [1]
serial_init             0x30a9a72c    0x17c  Code  Lc  serial-2410.o [1]
startup_task_stk        0x30243118     0xc8  Data  Gb  main.o [1]
strchr                  0x30a9d6d8           Code  Gb  strchr.o [4]
strlen                  0x30a9d174           Code  Gb  strlen.o [4]
syslock_o               0x3025df04      0x4  Data  Lc  xsyslock.o [3]
uHALr_InitTimers        0x30a9b7d4     0x70  Code  Gb  uhal.o [1]
uHALr_InstallSystemTimer
                        0x30a9b848     0x38  Code  Gb  uhal.o [1]
unmask_irq              0x30a98dd8     0x18  Code  Lc  isr.o [1]
vsprintf                0x30a9d338     0x44  Code  Gb  vsprintf.o [3]


[1] = D:\—–“ªøŒ≥Ã—ßœ∞\ µ ±«∂»Î ΩœµÕ≥ µ—È\Beat Plane\Beat Plane\RAM\Obj
[2] = command line
[3] = dl4t_al_if.a
[4] = rt4t_al.a

     28 252 bytes of readonly  code memory
    232 475 bytes of readonly  data memory
  8 757 040 bytes of readwrite data memory

Errors: none
Warnings: none
