###############################################################################
#                                                                             #
# IAR ELF Linker V5.30.0.51174/W32 for ARM              12/Dec/2014  23:10:18 #
# Copyright 2007-2009 IAR Systems AB.                                         #
#                                                                             #
#    Output file  =  D:\—–“ªøŒ≥Ã—ßœ∞\ µ ±«∂»Î ΩœµÕ≥ µ—È\Beat Plane\Beat       #
#                    Plane\RAM\Exe\Exp6.out                                   #
#    Map file     =  D:\—–“ªøŒ≥Ã—ßœ∞\ µ ±«∂»Î ΩœµÕ≥ µ—È\Beat Plane\Beat       #
#                    Plane\RAM\List\Exp6.map                                  #
#    Command line =  "D:\—–“ªøŒ≥Ã—ßœ∞\ µ ±«∂»Î ΩœµÕ≥ µ—È\Beat Plane\Beat      #
#                    Plane\RAM\Obj\BeatPlane_Text.o"                          #
#                    "D:\—–“ªøŒ≥Ã—ßœ∞\ µ ±«∂»Î ΩœµÕ≥ µ—È\Beat Plane\Beat      #
#                    Plane\RAM\Obj\LCD320.o" "D:\—–“ªøŒ≥Ã—ßœ∞\ µ ±«∂»Î ΩœµÕ≥  #
#                    µ—È\Beat Plane\Beat Plane\RAM\Obj\LED.o"                 #
#                    "D:\—–“ªøŒ≥Ã—ßœ∞\ µ ±«∂»Î ΩœµÕ≥ µ—È\Beat Plane\Beat      #
#                    Plane\RAM\Obj\MiddleFoe1.o"                              #
#                    "D:\—–“ªøŒ≥Ã—ßœ∞\ µ ±«∂»Î ΩœµÕ≥ µ—È\Beat Plane\Beat      #
#                    Plane\RAM\Obj\MiddleFoe2.o"                              #
#                    "D:\—–“ªøŒ≥Ã—ßœ∞\ µ ±«∂»Î ΩœµÕ≥ µ—È\Beat Plane\Beat      #
#                    Plane\RAM\Obj\MiddleFoeD.o"                              #
#                    "D:\—–“ªøŒ≥Ã—ßœ∞\ µ ±«∂»Î ΩœµÕ≥ µ—È\Beat Plane\Beat      #
#                    Plane\RAM\Obj\MyPlane1.o" "D:\—–“ªøŒ≥Ã—ßœ∞\ µ ±«∂»Î ΩœµÕ #
#                    ≥ µ—È\Beat Plane\Beat Plane\RAM\Obj\MyPlane2.o"          #
#                    "D:\—–“ªøŒ≥Ã—ßœ∞\ µ ±«∂»Î ΩœµÕ≥ µ—È\Beat Plane\Beat      #
#                    Plane\RAM\Obj\MyPlaneD.o" "D:\—–“ªøŒ≥Ã—ßœ∞\ µ ±«∂»Î ΩœµÕ #
#                    ≥ µ—È\Beat Plane\Beat Plane\RAM\Obj\OSAddTask.o"         #
#                    "D:\—–“ªøŒ≥Ã—ßœ∞\ µ ±«∂»Î ΩœµÕ≥ µ—È\Beat Plane\Beat      #
#                    Plane\RAM\Obj\Shot.o" "D:\—–“ªøŒ≥Ã—ßœ∞\ µ ±«∂»Î ΩœµÕ≥ µ— #
#                    È\Beat Plane\Beat Plane\RAM\Obj\SmallFoe.o"              #
#                    "D:\—–“ªøŒ≥Ã—ßœ∞\ µ ±«∂»Î ΩœµÕ≥ µ—È\Beat Plane\Beat      #
#                    Plane\RAM\Obj\SmallFoeD.o" "D:\—–“ªøŒ≥Ã—ßœ∞\ µ ±«∂»Î Ωœµ #
#                    Õ≥ µ—È\Beat Plane\Beat Plane\RAM\Obj\Startup.o"          #
#                    "D:\—–“ªøŒ≥Ã—ßœ∞\ µ ±«∂»Î ΩœµÕ≥ µ—È\Beat Plane\Beat      #
#                    Plane\RAM\Obj\Uart.o" "D:\—–“ªøŒ≥Ã—ßœ∞\ µ ±«∂»Î ΩœµÕ≥ µ— #
#                    È\Beat Plane\Beat Plane\RAM\Obj\app.o"                   #
#                    "D:\—–“ªøŒ≥Ã—ßœ∞\ µ ±«∂»Î ΩœµÕ≥ µ—È\Beat Plane\Beat      #
#                    Plane\RAM\Obj\background.o"                              #
#                    "D:\—–“ªøŒ≥Ã—ßœ∞\ µ ±«∂»Î ΩœµÕ≥ µ—È\Beat Plane\Beat      #
#                    Plane\RAM\Obj\cpu.o" "D:\—–“ªøŒ≥Ã—ßœ∞\ µ ±«∂»Î ΩœµÕ≥ µ—È #
#                    \Beat Plane\Beat Plane\RAM\Obj\drivers.o"                #
#                    "D:\—–“ªøŒ≥Ã—ßœ∞\ µ ±«∂»Î ΩœµÕ≥ µ—È\Beat Plane\Beat      #
#                    Plane\RAM\Obj\enemy.o" "D:\—–“ªøŒ≥Ã—ßœ∞\ µ ±«∂»Î ΩœµÕ≥ µ #
#                    —È\Beat Plane\Beat Plane\RAM\Obj\exception.o"            #
#                    "D:\—–“ªøŒ≥Ã—ßœ∞\ µ ±«∂»Î ΩœµÕ≥ µ—È\Beat Plane\Beat      #
#                    Plane\RAM\Obj\isr.o" "D:\—–“ªøŒ≥Ã—ßœ∞\ µ ±«∂»Î ΩœµÕ≥ µ—È #
#                    \Beat Plane\Beat Plane\RAM\Obj\lib.o"                    #
#                    "D:\—–“ªøŒ≥Ã—ßœ∞\ µ ±«∂»Î ΩœµÕ≥ µ—È\Beat Plane\Beat      #
#                    Plane\RAM\Obj\main.o" "D:\—–“ªøŒ≥Ã—ßœ∞\ µ ±«∂»Î ΩœµÕ≥ µ— #
#                    È\Beat Plane\Beat Plane\RAM\Obj\myplane.o"               #
#                    "D:\—–“ªøŒ≥Ã—ßœ∞\ µ ±«∂»Î ΩœµÕ≥ µ—È\Beat Plane\Beat      #
#                    Plane\RAM\Obj\os_core.o" "D:\—–“ªøŒ≥Ã—ßœ∞\ µ ±«∂»Î ΩœµÕ≥ #
#                     µ—È\Beat Plane\Beat Plane\RAM\Obj\os_cpu_a.o"           #
#                    "D:\—–“ªøŒ≥Ã—ßœ∞\ µ ±«∂»Î ΩœµÕ≥ µ—È\Beat Plane\Beat      #
#                    Plane\RAM\Obj\os_cpu_c.o" "D:\—–“ªøŒ≥Ã—ßœ∞\ µ ±«∂»Î ΩœµÕ #
#                    ≥ µ—È\Beat Plane\Beat Plane\RAM\Obj\os_dbg.o"            #
#                    "D:\—–“ªøŒ≥Ã—ßœ∞\ µ ±«∂»Î ΩœµÕ≥ µ—È\Beat Plane\Beat      #
#                    Plane\RAM\Obj\os_flag.o" "D:\—–“ªøŒ≥Ã—ßœ∞\ µ ±«∂»Î ΩœµÕ≥ #
#                     µ—È\Beat Plane\Beat Plane\RAM\Obj\os_mbox.o"            #
#                    "D:\—–“ªøŒ≥Ã—ßœ∞\ µ ±«∂»Î ΩœµÕ≥ µ—È\Beat Plane\Beat      #
#                    Plane\RAM\Obj\os_mem.o" "D:\—–“ªøŒ≥Ã—ßœ∞\ µ ±«∂»Î ΩœµÕ≥  #
#                    µ—È\Beat Plane\Beat Plane\RAM\Obj\os_mutex.o"            #
#                    "D:\—–“ªøŒ≥Ã—ßœ∞\ µ ±«∂»Î ΩœµÕ≥ µ—È\Beat Plane\Beat      #
#                    Plane\RAM\Obj\os_q.o" "D:\—–“ªøŒ≥Ã—ßœ∞\ µ ±«∂»Î ΩœµÕ≥ µ— #
#                    È\Beat Plane\Beat Plane\RAM\Obj\os_sem.o"                #
#                    "D:\—–“ªøŒ≥Ã—ßœ∞\ µ ±«∂»Î ΩœµÕ≥ µ—È\Beat Plane\Beat      #
#                    Plane\RAM\Obj\os_task.o" "D:\—–“ªøŒ≥Ã—ßœ∞\ µ ±«∂»Î ΩœµÕ≥ #
#                     µ—È\Beat Plane\Beat Plane\RAM\Obj\os_time.o"            #
#                    "D:\—–“ªøŒ≥Ã—ßœ∞\ µ ±«∂»Î ΩœµÕ≥ µ—È\Beat Plane\Beat      #
#                    Plane\RAM\Obj\retarget.o" "D:\—–“ªøŒ≥Ã—ßœ∞\ µ ±«∂»Î ΩœµÕ #
#                    ≥ µ—È\Beat Plane\Beat Plane\RAM\Obj\serial-2410.o"       #
#                    "D:\—–“ªøŒ≥Ã—ßœ∞\ µ ±«∂»Î ΩœµÕ≥ µ—È\Beat Plane\Beat      #
#                    Plane\RAM\Obj\uhal.o" -o "D:\—–“ªøŒ≥Ã—ßœ∞\ µ ±«∂»Î ΩœµÕ≥ #
#                     µ—È\Beat Plane\Beat Plane\RAM\Exe\Exp6.out" --map       #
#                    "D:\—–“ªøŒ≥Ã—ßœ∞\ µ ±«∂»Î ΩœµÕ≥ µ—È\Beat Plane\Beat      #
#                    Plane\RAM\List\Exp6.map" --config                        #
#                    "D:\—–“ªøŒ≥Ã—ßœ∞\ µ ±«∂»Î ΩœµÕ≥ µ—È\Beat Plane\Beat      #
#                    Plane\s3c2410_ram.icf" --entry __iar_program_start       #
#                                                                             #
#                                                                             #
###############################################################################

*******************************************************************************
*** RUNTIME MODEL ATTRIBUTES
***

__endian      = little
__thumb_aware = enabled


*******************************************************************************
*** PLACEMENT SUMMARY
***

"A1":  place at MEM:0x0 { section .intvec };
"P1":  place in [from MEM:0x30204000 to MEM:0x31f00000] { ro };
"P2":  place in [from MEM:0x30204000 to MEM:0x31f00000] {
          rw, block CSTACK, block SVC_STACK, block IRQ_STACK, block FIQ_STACK,
          block UND_STACK, block ABT_STACK, last block HEAP };

  Section            Kind        Address      Size  Object
  -------            ----        -------      ----  ------
"A1":                                         0x3c
  .intvec            ro code  0x00000000      0x3c  exception.o [1]
                            - 0x0000003c      0x3c

"P2":                                     0x847488
  SVC_STACK                   0x30204000    0x2000  <Block>
    SVC_STACK        uninit   0x30204000    0x2000  <Block tail>
  IRQ_STACK                   0x30206000    0x1000  <Block>
    IRQ_STACK        uninit   0x30206000    0x1000  <Block tail>
  FIQ_STACK                   0x30207000      0x10  <Block>
    FIQ_STACK        uninit   0x30207000      0x10  <Block tail>
  UND_STACK                   0x30207010      0x10  <Block>
    UND_STACK        uninit   0x30207010      0x10  <Block tail>
  ABT_STACK                   0x30207020      0x10  <Block>
    ABT_STACK        uninit   0x30207020      0x10  <Block tail>
  P2 mid-1                    0x30207030     0x22c  <Init block>
    .data            inited   0x30207030       0x4  LCD320.o [1]
    .data            inited   0x30207034       0x4  LCD320.o [1]
    .data            inited   0x30207038       0xc  drivers.o [1]
    .data            inited   0x30207044       0x4  drivers.o [1]
    .data            inited   0x30207048       0x4  lib.o [1]
    .data            inited   0x3020704c      0x1c  serial-2410.o [1]
    .data            inited   0x30207068      0x1c  serial-2410.o [1]
    .data            inited   0x30207084      0x1c  serial-2410.o [1]
    .data            inited   0x302070a0      0x91  rand.o [3]
    .data            inited   0x30207134      0x40  xfiles.o [3]
    .data            inited   0x30207174       0x4  cppinit.o [3]
    .data            inited   0x30207178      0x84  setlocale.o [3]
    .data            inited   0x302071fc      0x4c  localeconv.o [3]
    .data            inited   0x30207248       0x2  BeatPlane_Text.o [1]
    .data            inited   0x3020724a       0x2  BeatPlane_Text.o [1]
    .data            inited   0x3020724c       0x2  MyPlane1.o [1]
    .data            inited   0x3020724e       0x2  MyPlane1.o [1]
    .data            inited   0x30207250       0x2  Shot.o [1]
    .data            inited   0x30207252       0x2  Shot.o [1]
    .data            inited   0x30207254       0x2  SmallFoe.o [1]
    .data            inited   0x30207256       0x2  SmallFoe.o [1]
    .data            inited   0x30207258       0x2  background.o [1]
    .data            inited   0x3020725a       0x2  background.o [1]
  .iar.dynexit                0x3020725c     0x204  <Block>
    .iar.dynexit     uninit   0x3020725c       0xc  cppinit.o [3]
    .iar.dynexit     uninit   0x30207268     0x1f8  <Block tail>
  .bss               zero     0x30207460   0x25800  LCD320.o [1]
  .bss               zero     0x3022cc60    0x2634  app.o [1]
  .bss               zero     0x3022f294     0xc30  drivers.o [1]
  .bss               zero     0x3022fec4     0x5e8  isr.o [1]
  .bss               zero     0x302304ac     0x100  lib.o [1]
  .bss               zero     0x302305ac     0x190  main.o [1]
  .bss               zero     0x3023073c    0xef00  os_core.o [1]
  .bss               zero     0x3023f63c    0x55f0  os_core.o [1]
  .bss               zero     0x30244c2c       0x4  os_core.o [1]
  .bss               zero     0x30244c30       0x4  os_core.o [1]
  .bss               zero     0x30244c34    0x6590  os_core.o [1]
  .bss               zero     0x3024b1c4       0x4  os_core.o [1]
  .bss               zero     0x3024b1c8     0x230  os_core.o [1]
  .bss               zero     0x3024b3f8       0x4  uhal.o [1]
  .bss               zero     0x3024b3fc       0x4  uhal.o [1]
  .bss               zero     0x3024b400       0x4  uhal.o [1]
  .bss               zero     0x3024b404       0x4  uhal.o [1]
  .bss               zero     0x3024b408      0x50  xfiles.o [3]
  .bss               zero     0x3024b458       0x8  xxmemxmalloc.o [3]
  .bss               zero     0x3024b460      0x14  xsyslock.o [3]
  .bss               zero     0x3024b474       0x4  xgetmemchunk.o [3]
  .bss               zero     0x3024b478       0x4  MtxWrapper.o [3]
  .bss               zero     0x3024b47c       0x4  MtxWrapper.o [3]
  .bss               zero     0x3024b480       0x4  MtxWrapper.o [3]
  .bss               zero     0x3024b484       0x4  MtxWrapper.o [3]
  HEAP                        0x3024b488  0x800000  <Block>
    HEAP             uninit   0x3024b488  0x800000  <Block tail>
                            - 0x30a4b488  0x847488

"P1":                                      0x3a72b
  .rodata            const    0x30a4b488   0x25800  background.o [1]
  .rodata            const    0x30a70c88    0x60e0  MyPlaneD.o [1]
  .rodata            const    0x30a76d68    0x4638  BeatPlane_Text.o [1]
  .text              ro code  0x30a7b3a0    0x1a94  xprintffull.o [3]
  .rodata            const    0x30a7ce34    0x1838  MyPlane1.o [1]
  .rodata            const    0x30a7e66c    0x1838  MyPlane2.o [1]
  .rodata            const    0x30a7fea4     0x9f8  SmallFoeD.o [1]
  .text              ro code  0x30a8089c     0x734  os_core.o [1]
  .text              ro code  0x30a80fd0     0x624  isr.o [1]
  .text              ro code  0x30a815f4     0x458  app.o [1]
  .text              ro code  0x30a81a4c     0x408  myplane.o [1]
  .text              ro code  0x30a81e54     0x3f0  os_task.o [1]
  .rodata            const    0x30a82244     0x354  SmallFoe.o [1]
  .text              ro code  0x30a82598     0x338  DblDiv.o [4]
  .text              ro code  0x30a828d0     0x328  serial-2410.o [1]
  .text              ro code  0x30a82bf8     0x200  LCD320.o [1]
  .text              ro code  0x30a82df8     0x200  enemy.o [1]
  .text              ro code  0x30a82ff8     0x1f8  os_mbox.o [1]
  .text              ro code  0x30a831f0     0x1f8  DblMul.o [4]
  .text              ro code  0x30a833e8     0x1f0  DblSub.o [4]
  .text              ro code  0x30a835d8     0x1e8  xdscale.o [3]
  .text              ro code  0x30a837c0     0x1e4  lib.o [1]
  .text              ro code  0x30a839a4     0x1d4  I32DivMod.o [4]
  .text              ro code  0x30a83b78     0x1c0  uhal.o [1]
  .text              ro code  0x30a83d38     0x1a0  cpu.o [1]
  .text              ro code  0x30a83ed8     0x174  Uart.o [1]
  .text              ro code  0x30a8404c     0x158  drivers.o [1]
  .text              ro code  0x30a841a4     0x158  xdnorm.o [3]
  .text              ro code  0x30a842fc     0x158  xxmemxmalloc.o [3]
  .text              ro code  0x30a84454     0x148  os_cpu_a.o [1]
  .text              ro code  0x30a8459c     0x140  DblAdd.o [4]
  .text              ro code  0x30a846dc     0x128  I64DivMod.o [4]
  .text              ro code  0x30a84804     0x110  xxmemxfree.o [3]
  .rodata            const    0x30a84914     0x108  os_core.o [1]
  .text              ro code  0x30a84a1c      0xe8  packbits_init2.o [4]
  .text              ro code  0x30a84b04      0xe4  rand.o [3]
  .text              ro code  0x30a84be8      0xd4  os_time.o [1]
  .text              ro code  0x30a84cbc      0xd4  cppinit.o [3]
  .text              ro code  0x30a84d90      0xd4  ABImemcpy.o [4]
  .text              ro code  0x30a84e64      0xbc  os_flag.o [1]
  .text              ro code  0x30a84f20      0xbc  xsyslock.o [3]
  .text              ro code  0x30a84fdc      0xa8  Startup.o [1]
  .text              ro code  0x30a85084      0x9c  os_cpu_c.o [1]
  .text              ro code  0x30a85120      0x94  memchr.o [4]
  .text              ro code  0x30a851b4      0x7c  os_q.o [1]
  .text              ro code  0x30a85230      0x78  xencoding_sb.o [3]
  .text              ro code  0x30a852a8      0x6c  os_mem.o [1]
  .text              ro code  0x30a85314      0x60  DblToS32.o [4]
  .text              ro code  0x30a85374      0x58  S32ToDbl.o [4]
  .text              ro code  0x30a853cc      0x54  strlen.o [4]
  .rodata            const    0x30a85420      0x50  Shot.o [1]
  .rodata            const    0x30a85470      0x4c  cpu.o [1]
  .rodata            const    0x30a854bc      0x48  xlocale_c.o [3]
  .text              ro code  0x30a85504      0x48  MtxWrapper.o [3]
  .text              ro code  0x30a8554c      0x44  main.o [1]
  .text              ro code  0x30a85590      0x44  vsprintf.o [3]
  .text              ro code  0x30a855d4      0x40  retarget.o [1]
  .text              ro code  0x30a85614      0x40  xgetmemchunk.o [3]
  .text              ro code  0x30a85654      0x3c  DblToU32.o [4]
  .text              ro code  0x30a85690      0x38  printf.o [3]
  .text              ro code  0x30a856c8      0x38  DblCmpLe.o [4]
  .text              ro code  0x30a85700      0x38  DblCmpGe.o [4]
  .text              ro code  0x30a85738      0x34  data_init2.o [4]
  .text              ro code  0x30a8576c      0x34  xmbtowc.o [3]
  .text              ro code  0x30a857a0      0x34  div.o [3]
  .text              ro code  0x30a857d4      0x28  xprout.o [3]
  .text              ro code  0x30a857fc      0x28  setlocale.o [3]
  .text              ro code  0x30a85824      0x28  xwctomb.o [3]
  .text              ro code  0x30a8584c      0x28  localeconv.o [3]
  .text              ro code  0x30a85874      0x28  zero_init2.o [4]
  .rodata            const    0x30a8589c      0x24  serial-2410.o [1]
  .text              ro code  0x30a858c0      0x24  cmain.o [4]
  .iar.init_table    const    0x30a858e4      0x2c  - Linker created -
  .rodata            const    0x30a85910      0x20  uhal.o [1]
  .text              ro code  0x30a85930      0x20  strchr.o [4]
  .rodata            const    0x30a85950      0x1c  uhal.o [1]
  .rodata            const    0x30a8596c      0x1c  uhal.o [1]
  .rodata            const    0x30a85988      0x1c  uhal.o [1]
  .rodata            const    0x30a859a4      0x14  uhal.o [1]
  .rodata            const    0x30a859b8      0x14  uhal.o [1]
  .text              ro code  0x30a859cc      0x14  XXexit.o [4]
  .text              ro code  0x30a859e0      0x14  xsprout.o [3]
  .text              ro code  0x30a859f4      0x14  xmbcurmax.o [3]
  .text              ro code  0x30a85a08      0x14  cexit.o [4]
  .rodata            const    0x30a85a1c      0x10  xprintffull.o [3]
  .rodata            const    0x30a85a2c       0xc  lib.o [1]
  .text              ro code  0x30a85a38       0xc  U32ToDbl.o [4]
  .text              ro code  0x30a85a44       0xc  putchar.o [3]
  .rodata            const    0x30a85a50       0x8  xprintffull.o [3]
  .rodata            const    0x30a85a58       0x8  xlocale_c.o [3]
  .rodata            const    0x30a85a60       0x8  xlocale_c.o [3]
  .rodata            const    0x30a85a68       0x8  localeconv.o [3]
  .rodata            const    0x30a85a70       0x8  localeconv.o [3]
  .rodata            const    0x30a85a78       0x8  xencoding_sb.o [3]
  .rodata            const    0x30a85a80       0x8  xencoding_sb.o [3]
  .text              ro code  0x30a85a88       0x8  low_level_init.o [3]
  .text              ro code  0x30a85a90       0x8  exit.o [3]
  .text              ro code  0x30a85a98       0x4  IntDivZer.o [4]
  .text              ro code  0x30a85a9c       0x4  I64DivZer.o [4]
  .rodata            const    0x30a85aa0       0x2  xlocale_c.o [3]
  .rodata            const    0x30a85aa2       0x2  localeconv.o [3]
  .rodata            const    0x30a85aa4       0x1  xlocale_c.o [3]
  .rodata            const    0x30a85aa5       0x1  setlocale.o [3]
  .rodata            const    0x30a85aa6       0x1  localeconv.o [3]
  Initializer bytes  ro data  0x30a85aa7     0x10c  <for P2 mid-1>
                            - 0x30a85bb3   0x3a72b


*******************************************************************************
*** INIT TABLE
***

          Address     Size
          -------     ----
Zero (__iar_zero_init2)
    1 destination range, total size 0x44028:
          0x30207460  0x44028

Copy/packbits (__iar_packbits_init2)
    1 source range, total size 0x10c (48% of destination):
          0x30a85aa7    0x10c
    1 destination range, total size 0x22c:
          0x30207030    0x22c


*******************************************************************************
*** MODULE SUMMARY
***

    Module            ro code  ro data    rw data
    ------            -------  -------    -------
D:\—–“ªøŒ≥Ã—ßœ∞\ µ ±«∂»Î ΩœµÕ≥ µ—È\Beat Plane\Beat Plane\RAM\Obj: [1]
    BeatPlane_Text.o            17 978          4
    LCD320.o              512        3    153 608
    MyPlane1.o                   6 202          4
    MyPlane2.o                   6 200
    MyPlaneD.o                  24 800
    Shot.o                          82          4
    SmallFoe.o                     854          4
    SmallFoeD.o                  2 552
    Startup.o             168
    Uart.o                372
    app.o               1 112               9 780
    background.o               153 602          4
    cpu.o                 416       76
    drivers.o             344        8      3 136
    enemy.o               512
    exception.o            60
    isr.o               1 572               1 512
    lib.o                 484       14        260
    main.o                 68                 400
    myplane.o           1 032
    os_core.o           1 844      264    109 756
    os_cpu_a.o            328
    os_cpu_c.o            156
    os_flag.o             188
    os_mbox.o             504
    os_mem.o              108
    os_q.o                124
    os_task.o           1 008
    os_time.o             212
    retarget.o             64
    serial-2410.o         808       76         84
    uhal.o                448      156         16
    ---------------------------------------------
    Total:             12 444  212 867    278 572

command line: [2]
    ---------------------------------------------
    Total:

dl4t_al_if.a: [3]
    MtxWrapper.o           72                  16
    cppinit.o             212        2         16
    div.o                  52
    exit.o                  8
    localeconv.o           40       56         76
    low_level_init.o        8
    printf.o               56
    putchar.o              12
    rand.o                228       70        145
    setlocale.o            40       64        132
    vsprintf.o             68
    xdnorm.o              344
    xdscale.o             488
    xencoding_sb.o        120       16
    xfiles.o                        33        144
    xgetmemchunk.o         64                   4
    xlocale_c.o                     91
    xmbcurmax.o            20
    xmbtowc.o              52
    xprintffull.o       6 804       24
    xprout.o               40
    xsprout.o              20
    xsyslock.o            188                  20
    xwctomb.o              40
    xxmemxfree.o          272
    xxmemxmalloc.o        344                   8
    ---------------------------------------------
    Total:              9 592      356        561

rt4t_al.a: [4]
    ABImemcpy.o           212
    DblAdd.o              320
    DblCmpGe.o             56
    DblCmpLe.o             56
    DblDiv.o              824
    DblMul.o              504
    DblSub.o              496
    DblToS32.o             96
    DblToU32.o             60
    I32DivMod.o           468
    I64DivMod.o           296
    I64DivZer.o             4
    IntDivZer.o             4
    S32ToDbl.o             88
    U32ToDbl.o             12
    XXexit.o               20
    cexit.o                20
    cmain.o                36
    data_init2.o           52
    memchr.o              148
    packbits_init2.o      232
    strchr.o               32
    strlen.o               84
    zero_init2.o           40
    ---------------------------------------------
    Total:              4 160

    Gaps                                        3
    Linker created                  44  8 401 448
-------------------------------------------------
    Grand Total:       26 196  213 267  8 680 584


*******************************************************************************
*** ENTRY LIST
***

Entry                      Address     Size  Type      Object
-----                      -------     ----  ----      ------
.iar.dynexit$$Base      0x3020725c            --   Gb  - Linker created -
.iar.dynexit$$Limit     0x30207460            --   Gb  - Linker created -
?main                   0x30a858c0           Code  Gb  cmain.o [4]
ABT_STACK$$Base         0x30207020            --   Gb  - Linker created -
ABT_STACK$$Limit        0x30207030            --   Gb  - Linker created -
ARMTargetInit           0x30a83cf0     0x48  Code  Gb  uhal.o [1]
BSPprintf               0x30a83970      0xc  Code  Gb  lib.o [1]
ColdReset               0x30a84fec           Code  Gb  Startup.o [1]
DtorRecArray            0x3020725c      0xc  Data  Lc  cppinit.o [3]
EINT4_23ack_irq         0x30a81024     0x2c  Code  Lc  isr.o [1]
EINT4_23mask_irq        0x30a81050     0x24  Code  Lc  isr.o [1]
EINT4_23unmask_irq      0x30a81074     0x44  Code  Lc  isr.o [1]
Enemy                   0x3022da88   0x180c  Data  Gb  app.o [1]
Enemy_AddSmallFoe       0x30a82e74     0xc0  Code  Gb  enemy.o [1]
Enemy_Init              0x30a82df8     0x7c  Code  Gb  enemy.o [1]
Enemy_Move              0x30a82f3c     0x64  Code  Gb  enemy.o [1]
Enemy_Show              0x30a82fa0     0x58  Code  Gb  enemy.o [1]
Enter_DABORT            0x30a83c9c     0x28  Code  Gb  uhal.o [1]
Enter_FIQ               0x30a83cc4     0x28  Code  Gb  uhal.o [1]
Enter_PABORT            0x30a83c74     0x28  Code  Gb  uhal.o [1]
Enter_SWI               0x30a83c4c     0x28  Code  Gb  uhal.o [1]
Enter_UNDEF             0x30a83c24     0x28  Code  Gb  uhal.o [1]
FCLK                    0x3024b404      0x4  Data  Gb  uhal.o [1]
FIQ_STACK$$Base         0x30207000            --   Gb  - Linker created -
FIQ_STACK$$Limit        0x30207010            --   Gb  - Linker created -
GPIO_Init               0x30a8404c    0x158  Code  Gb  drivers.o [1]
HCLK                    0x3024b400      0x4  Data  Gb  uhal.o [1]
HEAP$$Base              0x3024b488            --   Gb  - Linker created -
HEAP$$Limit             0x30a4b488            --   Gb  - Linker created -
INTS_OFF                0x30a84454           Code  Gb  os_cpu_a.o [1]
INTS_ON                 0x30a8446c           Code  Gb  os_cpu_a.o [1]
IRQ_Handler             0x30a84fdc           Code  Gb  Startup.o [1]
IRQ_STACK$$Base         0x30206000            --   Gb  - Linker created -
IRQ_STACK$$Limit        0x30207000            --   Gb  - Linker created -
ISR_Init                0x30a81324    0x1cc  Code  Gb  isr.o [1]
ISR_IrqHandler          0x30a81574     0x7c  Code  Gb  isr.o [1]
I_COUNT                 0x3024b3f8      0x4  Data  Lc  uhal.o [1]
InterruptFunc           0x3022fec4    0x5e8  Data  Lc  isr.o [1]
Key_Mbox                0x3022cc60      0x4  Data  Gb  app.o [1]
Key_task_stk            0x3022cdf4    0x190  Data  Lc  app.o [1]
L0PageTable             0x30200000            --   Gb  command line/config [2]
LCDBuffer565            0x30207460  0x25800  Data  Gb  LCD320.o [1]
LCD_Init                0x30a82bf8     0xd0  Code  Gb  LCD320.o [1]
LCD_Refresh             0x30a82d60     0x90  Code  Gb  LCD320.o [1]
LCD_ShowPic             0x30a82cc8     0x98  Code  Gb  LCD320.o [1]
LCD_task_stk            0x3022d2a4    0x190  Data  Lc  app.o [1]
MyPlane                 0x3022d754    0x334  Data  Gb  app.o [1]
MyPlane_AddAction       0x30a81c90     0xa8  Code  Gb  myplane.o [1]
MyPlane_AddShot         0x30a81d38     0xc4  Code  Gb  myplane.o [1]
MyPlane_GetPic          0x30a81c38     0x58  Code  Gb  myplane.o [1]
MyPlane_Init            0x30a81a4c     0xec  Code  Gb  myplane.o [1]
MyPlane_Move            0x30a81b38    0x100  Code  Gb  myplane.o [1]
MyPlane_ShowShot        0x30a81dfc     0x58  Code  Gb  myplane.o [1]
MyPlane_task_stk        0x3022cf84    0x320  Data  Lc  app.o [1]
NumberOfUartDrv         0x30207044      0x4  Data  Gb  drivers.o [1]
OSCtxSwCtr              0x3023073c      0x4  Data  Gb  os_core.o [1]
OSEventFreeList         0x30230740      0x4  Data  Gb  os_core.o [1]
OSEventTbl              0x3023086c   0xcb20  Data  Gb  os_core.o [1]
OSFlagFreeList          0x30244c2c      0x4  Data  Gb  os_core.o [1]
OSFlagTbl               0x3023f63c   0x55f0  Data  Gb  os_core.o [1]
OSIdleCtr               0x30230744      0x4  Data  Gb  os_core.o [1]
OSInit                  0x30a8089c    0x178  Code  Gb  os_core.o [1]
OSInitHookBegin         0x30a8511c      0x4  Code  Gb  os_cpu_c.o [1]
OSInitHookEnd           0x30a85118      0x4  Code  Gb  os_cpu_c.o [1]
OSInitUart              0x30a83f74     0x68  Code  Gb  Uart.o [1]
OSIntCtxSw              0x30a8448c           Code  Gb  os_cpu_a.o [1]
OSIntEnter              0x30a80a14     0x24  Code  Gb  os_core.o [1]
OSIntExit               0x30a80a38     0xa8  Code  Gb  os_core.o [1]
OSIntNesting            0x3023085c      0x1  Data  Gb  os_core.o [1]
OSLockNesting           0x3023085d      0x1  Data  Gb  os_core.o [1]
OSMapTbl                0x30a84914      0x8  Data  Gb  os_core.o [1]
OSMboxCreate            0x30a82ff8     0x78  Code  Gb  os_mbox.o [1]
OSMboxPend              0x30a83074     0xf4  Code  Gb  os_mbox.o [1]
OSMboxPost              0x30a8316c     0x84  Code  Gb  os_mbox.o [1]
OSMemFreeList           0x30244c30      0x4  Data  Gb  os_core.o [1]
OSMemTbl                0x30244c34   0x6590  Data  Gb  os_core.o [1]
OSPrioCur               0x3023085e      0x1  Data  Gb  os_core.o [1]
OSPrioHighRdy           0x3023085f      0x1  Data  Gb  os_core.o [1]
OSQFreeList             0x3024b1c4      0x4  Data  Gb  os_core.o [1]
OSQTbl                  0x3024b1c8    0x230  Data  Gb  os_core.o [1]
OSRdyGrp                0x30230860      0x1  Data  Gb  os_core.o [1]
OSRdyTbl                0x30230864      0x8  Data  Gb  os_core.o [1]
OSRunning               0x30230861      0x1  Data  Gb  os_core.o [1]
OSStart                 0x30a80ae0     0x5c  Code  Gb  os_core.o [1]
OSStartHighRdy          0x30a84574           Code  Gb  os_cpu_a.o [1]
OSTCBCur                0x30230748      0x4  Data  Gb  os_core.o [1]
OSTCBFreeList           0x3023074c      0x4  Data  Gb  os_core.o [1]
OSTCBHighRdy            0x30230750      0x4  Data  Gb  os_core.o [1]
OSTCBInitHook           0x30a85110      0x4  Code  Gb  os_cpu_c.o [1]
OSTCBList               0x30230754      0x4  Data  Gb  os_core.o [1]
OSTCBPrioTbl            0x30230758    0x100  Data  Gb  os_core.o [1]
OSTCBTbl                0x3023db8c   0x1ab0  Data  Gb  os_core.o [1]
OSTaskCreate            0x30a81e54     0xd8  Code  Gb  os_task.o [1]
OSTaskCreateExt         0x30a81f3c    0x104  Code  Gb  os_task.o [1]
OSTaskCreateHook        0x30a85104      0x4  Code  Gb  os_cpu_c.o [1]
OSTaskCtr               0x30230862      0x1  Data  Gb  os_core.o [1]
OSTaskDel               0x30a82044    0x1a8  Code  Gb  os_task.o [1]
OSTaskDelHook           0x30a85108      0x4  Code  Gb  os_cpu_c.o [1]
OSTaskIdleHook          0x30a85114      0x4  Code  Gb  os_cpu_c.o [1]
OSTaskIdleStk           0x3023d38c    0x800  Data  Gb  os_core.o [1]
OSTaskStkInit           0x30a85084     0x80  Code  Gb  os_cpu_c.o [1]
OSTime                  0x30230858      0x4  Data  Gb  os_core.o [1]
OSTimeDly               0x30a84be8     0x60  Code  Gb  os_time.o [1]
OSTimeDlyHMSM           0x30a84c48     0x6c  Code  Gb  os_time.o [1]
OSTimeTick              0x30a80b3c     0xc8  Code  Gb  os_core.o [1]
OSTimeTickHook          0x30a8510c      0x4  Code  Gb  os_cpu_c.o [1]
OSUnMapTbl              0x30a8491c    0x100  Data  Gb  os_core.o [1]
OS_Dummy                0x30a80c04      0x4  Code  Gb  os_core.o [1]
OS_EventTO              0x30a80d1c     0x60  Code  Gb  os_core.o [1]
OS_EventTaskRdy         0x30a80c08     0xac  Code  Gb  os_core.o [1]
OS_EventTaskWait        0x30a80cb4     0x68  Code  Gb  os_core.o [1]
OS_EventWaitListInit    0x30a80d7c     0x2c  Code  Gb  os_core.o [1]
OS_FlagInit             0x30a84e64     0x70  Code  Gb  os_flag.o [1]
OS_FlagUnlink           0x30a84ed8     0x48  Code  Gb  os_flag.o [1]
OS_MemClr               0x30a80da8     0x1c  Code  Gb  os_core.o [1]
OS_MemInit              0x30a852a8     0x68  Code  Gb  os_mem.o [1]
OS_QInit                0x30a851b4     0x78  Code  Gb  os_q.o [1]
OS_Sched                0x30a80dc4     0x8c  Code  Gb  os_core.o [1]
OS_TASK_SW              0x30a84518           Code  Gb  os_cpu_a.o [1]
OS_TCBInit              0x30a80e78    0x150  Code  Gb  os_core.o [1]
OS_TaskIdle             0x30a80e50     0x28  Code  Gb  os_core.o [1]
OS_TaskStkClr           0x30a8221c     0x28  Code  Gb  os_task.o [1]
OpenUartRev             0x30a83fdc     0x64  Code  Gb  Uart.o [1]
PCLK                    0x3024b3fc      0x4  Data  Gb  uhal.o [1]
Region$$Table$$Base     0x30a858e4            --   Gb  - Linker created -
Region$$Table$$Limit    0x30a85910            --   Gb  - Linker created -
SUB_ack_irq             0x30a810b8     0x38  Code  Lc  isr.o [1]
SUB_mask_irq            0x30a81100     0x20  Code  Lc  isr.o [1]
SUB_unmask_irq          0x30a81120     0x58  Code  Lc  isr.o [1]
SVC_STACK$$Base         0x30204000            --   Gb  - Linker created -
SVC_STACK$$Limit        0x30206000            --   Gb  - Linker created -
SetISR_Interrupt        0x30a814f0     0x84  Code  Gb  isr.o [1]
Shot_task_stk           0x3022d434    0x190  Data  Lc  app.o [1]
StartGame_task_stk      0x3022cc64    0x190  Data  Lc  app.o [1]
Status_task_stk         0x3022d5c4    0x190  Data  Lc  app.o [1]
Task_Key                0x30a81888     0xa4  Code  Gb  app.o [1]
Task_LCD                0x30a8192c     0xb4  Code  Gb  app.o [1]
Task_MyPlane            0x30a817b8     0xd0  Code  Gb  app.o [1]
Task_Shot               0x30a819ec     0x40  Code  Gb  app.o [1]
Task_Start              0x30a815f4     0xf8  Code  Gb  app.o [1]
Task_StartGame          0x30a816ec     0xcc  Code  Gb  app.o [1]
Task_Status             0x30a81a30     0x1c  Code  Gb  app.o [1]
TimerTickHandle         0x30a83be8      0x4  Code  Gb  uhal.o [1]
UND_STACK$$Base         0x30207010            --   Gb  - Linker created -
UND_STACK$$Limit        0x30207020            --   Gb  - Linker created -
Uart_Buffer             0x3022f294    0xc30  Data  Gb  drivers.o [1]
Uart_Init               0x30a838cc     0x30  Code  Gb  lib.o [1]
Uart_SendByte           0x30a838fc     0x30  Code  Gb  lib.o [1]
Uart_SendString         0x30a8392c     0x3c  Code  Gb  lib.o [1]
Uart_def                0x30a8589c     0x24  Data  Lc  serial-2410.o [1]
_EncodingSb_Mbtowc      0x30a8525c     0x4c  Code  Gb  xencoding_sb.o [3]
_EncodingSb_Wctomb      0x30a85230     0x2c  Code  Gb  xencoding_sb.o [3]
_GenldDefault           0x30a7c9ec    0x3e8  Code  Lc  xprintffull.o [3]
_IsdstStr               0x3020719c      0x4  Data  Gb  setlocale.o [3]
_LdtobDefault           0x30a7c2e4    0x708  Code  Lc  xprintffull.o [3]
_LitobDefault           0x30a7c158    0x18c  Code  Lc  xprintffull.o [3]
_LocaleC_lconv          0x30a854bc     0x48  Data  Gb  xlocale_c.o [3]
_LocaleEncoding         0x30a857fc     0x24  Code  Gb  setlocale.o [3]
_LocaleReturnString     0x302071ac     0x50  Data  Lc  setlocale.o [3]
_Locale_LconvArray      0x302071a8      0x4  Data  Gb  setlocale.o [3]
_Locale_Profile         0x30207178     0x1c  Data  Gb  setlocale.o [3]
_Locale_lconv           0x30207200     0x48  Data  Gb  localeconv.o [3]
_Mbtowc                 0x30a8576c     0x34  Code  Gb  xmbtowc.o [3]
_Printf                 0x30a7b3a0    0x8e8  Code  Gb  xprintffull.o [3]
_Prout                  0x30a857d4     0x28  Code  Gb  xprout.o [3]
_PutcharsDefault        0x30a7cdd4     0x60  Code  Lc  xprintffull.o [3]
_PutstrDefault          0x30a7bc88    0x4d0  Code  Lc  xprintffull.o [3]
_Rand_idx               0x3020712c      0x4  Data  Lc  rand.o [3]
_Rand_rv                0x302070a0     0x80  Data  Lc  rand.o [3]
_Randinit               0x30207130      0x1  Data  Gb  rand.o [3]
_Randseed               0x30207124      0x4  Data  Gb  rand.o [3]
_SProut                 0x30a859e0     0x14  Code  Gb  xsprout.o [3]
_TzoneStr               0x30207194      0x4  Data  Gb  setlocale.o [3]
_Wctomb                 0x30a85824     0x28  Code  Gb  xwctomb.o [3]
__aeabi_cdcmple         0x30a856c8           Code  Gb  DblCmpLe.o [4]
__aeabi_cdrcmple        0x30a85700           Code  Gb  DblCmpGe.o [4]
__aeabi_d2iz            0x30a85314           Code  Gb  DblToS32.o [4]
__aeabi_d2uiz           0x30a85654           Code  Gb  DblToU32.o [4]
__aeabi_dadd            0x30a8459c           Code  Gb  DblAdd.o [4]
__aeabi_ddiv            0x30a82598           Code  Gb  DblDiv.o [4]
__aeabi_dmul            0x30a831f0           Code  Gb  DblMul.o [4]
__aeabi_dsub            0x30a833e8           Code  Gb  DblSub.o [4]
__aeabi_i2d             0x30a85374           Code  Gb  S32ToDbl.o [4]
__aeabi_idiv            0x30a839a4           Code  Gb  I32DivMod.o [4]
__aeabi_idiv0           0x30a85a98           Code  Gb  IntDivZer.o [4]
__aeabi_idivmod         0x30a839a4           Code  Gb  I32DivMod.o [4]
__aeabi_ldiv0           0x30a85a9c           Code  Gb  I64DivZer.o [4]
__aeabi_ldivmod         0x30a846dc           Code  Gb  I64DivMod.o [4]
__aeabi_memcpy          0x30a84d90           Code  Gb  ABImemcpy.o [4]
__aeabi_memcpy4         0x30a84db4           Code  Gb  ABImemcpy.o [4]
__aeabi_memcpy8         0x30a84db4           Code  Gb  ABImemcpy.o [4]
__aeabi_ui2d            0x30a85a38           Code  Gb  U32ToDbl.o [4]
__aeabi_uidiv           0x30a839b4           Code  Gb  I32DivMod.o [4]
__aeabi_uidivmod        0x30a839b4           Code  Gb  I32DivMod.o [4]
__aeabi_uldivmod        0x30a846f4           Code  Gb  I64DivMod.o [4]
__call_dtors            0x30a84d0c      0x8  Code  Gb  cppinit.o [3]
__cstart_call_dtors     0x30a85a0c           Code  Gb  cexit.o [4]
__cxa_atexit            0x30a84cbc     0x50  Code  Gb  cppinit.o [3]
__cxa_finalize          0x30a84d14     0x78  Code  Gb  cppinit.o [3]
__data_Aldata           0x3024b458      0x8  Data  Gb  xxmemxmalloc.o [3]
__data_GetMemChunk      0x30a85614     0x40  Code  Gb  xgetmemchunk.o [3]
__exit                  0x30a859cc           Code  Gb  XXexit.o [4]
__iar_Dnorm             0x30a841a4    0x158  Code  Gb  xdnorm.o [3]
__iar_Dscale            0x30a835d8    0x1e8  Code  Gb  xdscale.o [3]
__iar_Locksyslock       0x30a84f4c     0x6c  Code  Gb  xsyslock.o [3]
__iar_Mbcurmax          0x30a859f4     0x14  Code  Gb  xmbcurmax.o [3]
__iar_Memchr            0x30a85120           Code  Gb  memchr.o [4]
__iar_Mtxdst            0x30a8550c      0x4  Code  Gb  MtxWrapper.o [3]
__iar_Mtxinit           0x30a85504      0x8  Code  Gb  MtxWrapper.o [3]
__iar_Mtxlock           0x30a8552c      0x8  Code  Gb  MtxWrapper.o [3]
__iar_Mtxunlock         0x30a85534      0x8  Code  Gb  MtxWrapper.o [3]
__iar_Stdout            0x30207134     0x40  Data  Gb  xfiles.o [3]
__iar_Strchr            0x30a85930           Code  Gb  strchr.o [4]
__iar_Tls_setup__IsdstStr
                        0x302071a0      0x4  Data  Gb  setlocale.o [3]
__iar_Tls_setup__Locale_Profile
                        0x302071a4      0x4  Data  Gb  setlocale.o [3]
__iar_Tls_setup__Locale_lconv
                        0x302071fc      0x4  Data  Gb  localeconv.o [3]
__iar_Tls_setup__Randinit
                        0x30207120      0x4  Data  Gb  rand.o [3]
__iar_Tls_setup__Randseed
                        0x30207128      0x4  Data  Gb  rand.o [3]
__iar_Tls_setup__TzoneStr
                        0x30207198      0x4  Data  Gb  setlocale.o [3]
__iar_Unlocksyslock     0x30a84fb8     0x20  Code  Gb  xsyslock.o [3]
__iar_dadd              0x30a845ac           Code  Gb  DblAdd.o [4]
__iar_data_init2        0x30a85738     0x34  Code  Gb  data_init2.o [4]
__iar_dsub              0x30a833f8           Code  Gb  DblSub.o [4]
__iar_dsubStart         0x30a83418           Code  Gb  DblSub.o [4]
__iar_i2d               0x30a85378           Code  Gb  S32ToDbl.o [4]
__iar_packbits_init2    0x30a84a1c     0xe8  Code  Gb  packbits_init2.o [4]
__iar_program_start     0x00000000           Code  Gb  exception.o [1]
__iar_zero_init2        0x30a85874     0x28  Code  Gb  zero_init2.o [4]
__low_level_init        0x30a85a88      0x8  Code  Gb  low_level_init.o [3]
__vector                0x00000000           Code  Gb  exception.o [1]
__vector_0x14           0x00000014           Code  Gb  exception.o [1]
_exit                   0x30a85a08           Code  Gb  cexit.o [4]
ack_irq                 0x30a80fd0     0x14  Code  Lc  isr.o [1]
clearlocks              0x30a84f20     0x2c  Code  Lc  xsyslock.o [3]
delayLoopCount          0x30207048      0x4  Data  Lc  lib.o [1]
div                     0x30a857a0     0x34  Code  Gb  div.o [3]
exit                    0x30a85a90      0x8  Code  Gb  exit.o [3]
fixup_irq               0x30a81178    0x1ac  Code  Lc  isr.o [1]
fputc                   0x30a855d4     0x40  Code  Gb  retarget.o [1]
free                    0x30a84804    0x110  Code  Gb  xxmemxfree.o [3]
gImage_BackGround       0x30a4b488  0x25800  Data  Gb  background.o [1]
gImage_BackGround_Length
                        0x3020725a      0x2  Data  Gb  background.o [1]
gImage_BackGround_Witch
                        0x30207258      0x2  Data  Gb  background.o [1]
gImage_BeatPlane_Text   0x30a76d68   0x4638  Data  Gb  BeatPlane_Text.o [1]
gImage_BeatPlane_Text_Length
                        0x3020724a      0x2  Data  Gb  BeatPlane_Text.o [1]
gImage_BeatPlane_Text_Witch
                        0x30207248      0x2  Data  Gb  BeatPlane_Text.o [1]
gImage_MyPlane1         0x30a7ce34   0x1838  Data  Gb  MyPlane1.o [1]
gImage_MyPlane1_Length  0x3020724e      0x2  Data  Gb  MyPlane1.o [1]
gImage_MyPlane1_Witch   0x3020724c      0x2  Data  Gb  MyPlane1.o [1]
gImage_MyPlane2         0x30a7e66c   0x1838  Data  Gb  MyPlane2.o [1]
gImage_MyPlaneD         0x30a70c88   0x60e0  Data  Gb  MyPlaneD.o [1]
gImage_Shot             0x30a85420     0x50  Data  Gb  Shot.o [1]
gImage_Shot_Length      0x30207252      0x2  Data  Gb  Shot.o [1]
gImage_Shot_Witch       0x30207250      0x2  Data  Gb  Shot.o [1]
gImage_SmallFoe         0x30a82244    0x354  Data  Gb  SmallFoe.o [1]
gImage_SmallFoeD        0x30a7fea4    0x9f8  Data  Gb  SmallFoeD.o [1]
gImage_SmallFoe_Length  0x30207256      0x2  Data  Gb  SmallFoe.o [1]
gImage_SmallFoe_Witch   0x30207254      0x2  Data  Gb  SmallFoe.o [1]
hudelay                 0x30a837c0    0x10c  Code  Gb  lib.o [1]
irq_OSRevUart           0x30a83ed8     0x9c  Code  Gb  Uart.o [1]
localeconv              0x30a8584c     0x28  Code  Gb  localeconv.o [3]
main                    0x30a8554c     0x44  Code  Gb  main.o [1]
malloc                  0x30a842fc    0x158  Code  Gb  xxmemxmalloc.o [3]
mask_irq                0x30a80fe4     0x18  Code  Lc  isr.o [1]
memchr                  0x30a85120           Code  Gb  memchr.o [4]
mtx                     0x3024b464     0x10  Data  Lc  xsyslock.o [3]
mtxdst                  0x3024b47c      0x4  Data  Lc  MtxWrapper.o [3]
mtxinit                 0x3024b478      0x4  Data  Lc  MtxWrapper.o [3]
mtxlock                 0x3024b480      0x4  Data  Lc  MtxWrapper.o [3]
mtxunlock               0x3024b484      0x4  Data  Lc  MtxWrapper.o [3]
next_abi_dtor_rec       0x30207174      0x4  Data  Lc  cppinit.o [3]
obuf                    0x3024b408     0x50  Data  Lc  xfiles.o [3]
pLCDBuffer16I1          0x30207030      0x4  Data  Gb  LCD320.o [1]
pLCDBuffer16I2          0x30207034      0x4  Data  Gb  LCD320.o [1]
printf                  0x30a85690     0x38  Code  Gb  printf.o [3]
putchar                 0x30a85a44      0xc  Code  Gb  putchar.o [3]
rand                    0x30a84b04     0xe4  Code  Gb  rand.o [3]
s3c2410_cpu_init        0x30a83dec     0xec  Code  Gb  cpu.o [1]
s3c2410_get_bus_clk     0x30a83d7c     0x70  Code  Gb  cpu.o [1]
s3c2410_get_cpu_clk     0x30a83d38     0x44  Code  Gb  cpu.o [1]
s3c2410_serial0_driver  0x3020704c     0x1c  Data  Gb  serial-2410.o [1]
s3c2410_serial0_flush_input
                        0x30a82a94     0x28  Code  Lc  serial-2410.o [1]
s3c2410_serial0_flush_output
                        0x30a82abc     0x18  Code  Lc  serial-2410.o [1]
s3c2410_serial0_init    0x30a82a4c      0xc  Code  Lc  serial-2410.o [1]
s3c2410_serial0_poll    0x30a82a74     0x20  Code  Lc  serial-2410.o [1]
s3c2410_serial0_read    0x30a82a58     0x10  Code  Lc  serial-2410.o [1]
s3c2410_serial0_write   0x30a82a68      0xc  Code  Lc  serial-2410.o [1]
s3c2410_serial1_driver  0x30207068     0x1c  Data  Gb  serial-2410.o [1]
s3c2410_serial1_flush_input
                        0x30a82b2c     0x2c  Code  Lc  serial-2410.o [1]
s3c2410_serial1_flush_output
                        0x30a82b58     0x18  Code  Lc  serial-2410.o [1]
s3c2410_serial1_init    0x30a82ad4      0xc  Code  Lc  serial-2410.o [1]
s3c2410_serial1_poll    0x30a82b0c     0x1c  Code  Lc  serial-2410.o [1]
s3c2410_serial1_read    0x30a82ae0     0x10  Code  Lc  serial-2410.o [1]
s3c2410_serial1_write   0x30a82af0      0x4  Code  Lc  serial-2410.o [1]
s3c2410_serial2_driver  0x30207084     0x1c  Data  Gb  serial-2410.o [1]
s3c2410_serial2_flush_input
                        0x30a82bb4     0x2c  Code  Lc  serial-2410.o [1]
s3c2410_serial2_flush_output
                        0x30a82be0     0x18  Code  Lc  serial-2410.o [1]
s3c2410_serial2_init    0x30a82b70      0xc  Code  Lc  serial-2410.o [1]
s3c2410_serial2_poll    0x30a82b94     0x1c  Code  Lc  serial-2410.o [1]
s3c2410_serial2_read    0x30a82b7c     0x10  Code  Lc  serial-2410.o [1]
s3c2410_serial2_write   0x30a82b8c      0x8  Code  Lc  serial-2410.o [1]
serial_drv              0x30207038      0xc  Data  Gb  drivers.o [1]
serial_init             0x30a828d0    0x17c  Code  Lc  serial-2410.o [1]
startup_task_stk        0x302305ac    0x190  Data  Gb  main.o [1]
strchr                  0x30a85930           Code  Gb  strchr.o [4]
strlen                  0x30a853cc           Code  Gb  strlen.o [4]
syslock_o               0x3024b460      0x4  Data  Lc  xsyslock.o [3]
uHALr_InitTimers        0x30a83b78     0x70  Code  Gb  uhal.o [1]
uHALr_InstallSystemTimer
                        0x30a83bec     0x38  Code  Gb  uhal.o [1]
unmask_irq              0x30a80ffc     0x18  Code  Lc  isr.o [1]
vsprintf                0x30a85590     0x44  Code  Gb  vsprintf.o [3]


[1] = D:\—–“ªøŒ≥Ã—ßœ∞\ µ ±«∂»Î ΩœµÕ≥ µ—È\Beat Plane\Beat Plane\RAM\Obj
[2] = command line
[3] = dl4t_al_if.a
[4] = rt4t_al.a

     26 196 bytes of readonly  code memory
    213 267 bytes of readonly  data memory
  8 680 584 bytes of readwrite data memory

Errors: none
Warnings: none
